Archive member included to satisfy reference by file (symbol)

/usr/lib/gcc/arm-none-eabi/12.2.0/../../../../arm-none-eabi/lib/thumb/v7e-m+fp/hard/libc_nano.a(lib_a-atexit.o)
                              /usr/lib/gcc/arm-none-eabi/12.2.0/../../../../arm-none-eabi/lib/thumb/v7e-m+fp/hard/crt0.o (atexit)
/usr/lib/gcc/arm-none-eabi/12.2.0/../../../../arm-none-eabi/lib/thumb/v7e-m+fp/hard/libc_nano.a(lib_a-exit.o)
                              /usr/lib/gcc/arm-none-eabi/12.2.0/../../../../arm-none-eabi/lib/thumb/v7e-m+fp/hard/crt0.o (exit)
/usr/lib/gcc/arm-none-eabi/12.2.0/../../../../arm-none-eabi/lib/thumb/v7e-m+fp/hard/libc_nano.a(lib_a-fini.o)
                              /usr/lib/gcc/arm-none-eabi/12.2.0/../../../../arm-none-eabi/lib/thumb/v7e-m+fp/hard/crt0.o (__libc_fini_array)
/usr/lib/gcc/arm-none-eabi/12.2.0/../../../../arm-none-eabi/lib/thumb/v7e-m+fp/hard/libc_nano.a(lib_a-impure.o)
                              /usr/lib/gcc/arm-none-eabi/12.2.0/../../../../arm-none-eabi/lib/thumb/v7e-m+fp/hard/libc_nano.a(lib_a-exit.o) (_global_impure_ptr)
/usr/lib/gcc/arm-none-eabi/12.2.0/../../../../arm-none-eabi/lib/thumb/v7e-m+fp/hard/libc_nano.a(lib_a-init.o)
                              /usr/lib/gcc/arm-none-eabi/12.2.0/../../../../arm-none-eabi/lib/thumb/v7e-m+fp/hard/crt0.o (__libc_init_array)
/usr/lib/gcc/arm-none-eabi/12.2.0/../../../../arm-none-eabi/lib/thumb/v7e-m+fp/hard/libc_nano.a(lib_a-memset.o)
                              /usr/lib/gcc/arm-none-eabi/12.2.0/../../../../arm-none-eabi/lib/thumb/v7e-m+fp/hard/crt0.o (memset)
/usr/lib/gcc/arm-none-eabi/12.2.0/../../../../arm-none-eabi/lib/thumb/v7e-m+fp/hard/libc_nano.a(lib_a-__atexit.o)
                              /usr/lib/gcc/arm-none-eabi/12.2.0/../../../../arm-none-eabi/lib/thumb/v7e-m+fp/hard/libc_nano.a(lib_a-atexit.o) (__register_exitproc)
/usr/lib/gcc/arm-none-eabi/12.2.0/../../../../arm-none-eabi/lib/thumb/v7e-m+fp/hard/libc_nano.a(lib_a-__call_atexit.o)
                              /usr/lib/gcc/arm-none-eabi/12.2.0/../../../../arm-none-eabi/lib/thumb/v7e-m+fp/hard/libc_nano.a(lib_a-__atexit.o) (__call_exitprocs)
/usr/lib/gcc/arm-none-eabi/12.2.0/../../../../arm-none-eabi/lib/thumb/v7e-m+fp/hard/libc_nano.a(lib_a-lock.o)
                              /usr/lib/gcc/arm-none-eabi/12.2.0/../../../../arm-none-eabi/lib/thumb/v7e-m+fp/hard/libc_nano.a(lib_a-__atexit.o) (__retarget_lock_acquire_recursive)
/usr/lib/gcc/arm-none-eabi/12.2.0/../../../../arm-none-eabi/lib/thumb/v7e-m+fp/hard/libnosys.a(_exit.o)
                              /usr/lib/gcc/arm-none-eabi/12.2.0/../../../../arm-none-eabi/lib/thumb/v7e-m+fp/hard/libc_nano.a(lib_a-exit.o) (_exit)
/usr/lib/gcc/arm-none-eabi/12.2.0/thumb/v7e-m+fp/hard/libgcc.a(_aeabi_uldivmod.o)
                              build/stm32f4xx_hal_rcc.o (__aeabi_uldivmod)
/usr/lib/gcc/arm-none-eabi/12.2.0/thumb/v7e-m+fp/hard/libgcc.a(_udivmoddi4.o)
                              /usr/lib/gcc/arm-none-eabi/12.2.0/thumb/v7e-m+fp/hard/libgcc.a(_aeabi_uldivmod.o) (__udivmoddi4)
/usr/lib/gcc/arm-none-eabi/12.2.0/thumb/v7e-m+fp/hard/libgcc.a(_dvmd_tls.o)
                              /usr/lib/gcc/arm-none-eabi/12.2.0/thumb/v7e-m+fp/hard/libgcc.a(_aeabi_uldivmod.o) (__aeabi_ldiv0)

Discarded input sections

 .text          0x0000000000000000        0x0 /usr/lib/gcc/arm-none-eabi/12.2.0/thumb/v7e-m+fp/hard/crti.o
 .data          0x0000000000000000        0x0 /usr/lib/gcc/arm-none-eabi/12.2.0/thumb/v7e-m+fp/hard/crti.o
 .bss           0x0000000000000000        0x0 /usr/lib/gcc/arm-none-eabi/12.2.0/thumb/v7e-m+fp/hard/crti.o
 .text          0x0000000000000000        0x0 /usr/lib/gcc/arm-none-eabi/12.2.0/thumb/v7e-m+fp/hard/crtbegin.o
 .data          0x0000000000000000        0x0 /usr/lib/gcc/arm-none-eabi/12.2.0/thumb/v7e-m+fp/hard/crtbegin.o
 .bss           0x0000000000000000        0x0 /usr/lib/gcc/arm-none-eabi/12.2.0/thumb/v7e-m+fp/hard/crtbegin.o
 .rodata.all_implied_fbits
                0x0000000000000000       0x24 /usr/lib/gcc/arm-none-eabi/12.2.0/thumb/v7e-m+fp/hard/crtbegin.o
 .data.__dso_handle
                0x0000000000000000        0x4 /usr/lib/gcc/arm-none-eabi/12.2.0/thumb/v7e-m+fp/hard/crtbegin.o
 .text          0x0000000000000000       0x70 /usr/lib/gcc/arm-none-eabi/12.2.0/../../../../arm-none-eabi/lib/thumb/v7e-m+fp/hard/crt0.o
 .data          0x0000000000000000        0x0 /usr/lib/gcc/arm-none-eabi/12.2.0/../../../../arm-none-eabi/lib/thumb/v7e-m+fp/hard/crt0.o
 .bss           0x0000000000000000        0x0 /usr/lib/gcc/arm-none-eabi/12.2.0/../../../../arm-none-eabi/lib/thumb/v7e-m+fp/hard/crt0.o
 .ARM.extab     0x0000000000000000        0x0 /usr/lib/gcc/arm-none-eabi/12.2.0/../../../../arm-none-eabi/lib/thumb/v7e-m+fp/hard/crt0.o
 .ARM.exidx     0x0000000000000000       0x10 /usr/lib/gcc/arm-none-eabi/12.2.0/../../../../arm-none-eabi/lib/thumb/v7e-m+fp/hard/crt0.o
 .debug_line_str
[...]
Memory Configuration

Name             Origin             Length             Attributes
RAM              0x0000000020000000 0x0000000000030000 xrw
CCMRAM           0x0000000010000000 0x0000000000010000 xrw
FLASH            0x0000000008000000 0x0000000000200000 xr
*default*        0x0000000000000000 0xffffffffffffffff

Linker script and memory map

LOAD /usr/lib/gcc/arm-none-eabi/12.2.0/thumb/v7e-m+fp/hard/crti.o
LOAD /usr/lib/gcc/arm-none-eabi/12.2.0/thumb/v7e-m+fp/hard/crtbegin.o
LOAD /usr/lib/gcc/arm-none-eabi/12.2.0/../../../../arm-none-eabi/lib/thumb/v7e-m+fp/hard/crt0.o
LOAD build/main.o
LOAD build/stm32f4xx_it.o
LOAD build/stm32f4xx_hal_msp.o
LOAD build/stm32f4xx_hal_rcc.o
LOAD build/stm32f4xx_hal_rcc_ex.o
LOAD build/stm32f4xx_hal_flash.o
LOAD build/stm32f4xx_hal_flash_ex.o
LOAD build/stm32f4xx_hal_flash_ramfunc.o
LOAD build/stm32f4xx_hal_gpio.o
LOAD build/stm32f4xx_hal_dma_ex.o
LOAD build/stm32f4xx_hal_dma.o
LOAD build/stm32f4xx_hal_pwr.o
LOAD build/stm32f4xx_hal_pwr_ex.o
LOAD build/stm32f4xx_hal_cortex.o
LOAD build/stm32f4xx_hal.o
LOAD build/stm32f4xx_hal_exti.o
LOAD build/stm32f4xx_hal_eth.o
LOAD build/stm32f4xx_hal_tim.o
LOAD build/stm32f4xx_hal_tim_ex.o
LOAD build/stm32f4xx_hal_uart.o
LOAD build/stm32f4xx_hal_pcd.o
LOAD build/stm32f4xx_hal_pcd_ex.o
LOAD build/stm32f4xx_ll_usb.o
LOAD build/system_stm32f4xx.o
LOAD build/startup_stm32f439xx.o
LOAD /usr/lib/gcc/arm-none-eabi/12.2.0/../../../../arm-none-eabi/lib/thumb/v7e-m+fp/hard/libc_nano.a
LOAD /usr/lib/gcc/arm-none-eabi/12.2.0/../../../../arm-none-eabi/lib/thumb/v7e-m+fp/hard/libm.a
LOAD /usr/lib/gcc/arm-none-eabi/12.2.0/../../../../arm-none-eabi/lib/thumb/v7e-m+fp/hard/libnosys.a
START GROUP
LOAD /usr/lib/gcc/arm-none-eabi/12.2.0/thumb/v7e-m+fp/hard/libgcc.a
LOAD /usr/lib/gcc/arm-none-eabi/12.2.0/../../../../arm-none-eabi/lib/thumb/v7e-m+fp/hard/libc_nano.a
END GROUP
START GROUP
LOAD /usr/lib/gcc/arm-none-eabi/12.2.0/thumb/v7e-m+fp/hard/libgcc.a
LOAD /usr/lib/gcc/arm-none-eabi/12.2.0/../../../../arm-none-eabi/lib/thumb/v7e-m+fp/hard/libc_nano.a
END GROUP
LOAD /usr/lib/gcc/arm-none-eabi/12.2.0/thumb/v7e-m+fp/hard/crtend.o
LOAD /usr/lib/gcc/arm-none-eabi/12.2.0/thumb/v7e-m+fp/hard/crtn.o
                0x0000000020030000                _estack = (ORIGIN (RAM) + LENGTH (RAM))
                0x0000000000000200                _Min_Heap_Size = 0x200
                0x0000000000000400                _Min_Stack_Size = 0x400

.isr_vector     0x0000000008000000      0x1ac
                0x0000000008000000                . = ALIGN (0x4)
 *(.isr_vector)
 .isr_vector    0x0000000008000000      0x1ac build/startup_stm32f439xx.o
                0x0000000008000000                g_pfnVectors
                0x00000000080001ac                . = ALIGN (0x4)

.text           0x00000000080001ac     0x1db4
                0x00000000080001ac                . = ALIGN (0x4)
 *(.text)
 .text          0x00000000080001ac       0x30 /usr/lib/gcc/arm-none-eabi/12.2.0/thumb/v7e-m+fp/hard/libgcc.a(_aeabi_uldivmod.o)
                0x00000000080001ac                __aeabi_uldivmod
 .text          0x00000000080001dc        0x4 /usr/lib/gcc/arm-none-eabi/12.2.0/thumb/v7e-m+fp/hard/libgcc.a(_dvmd_tls.o)
                0x00000000080001dc                __aeabi_ldiv0
                0x00000000080001dc                __aeabi_idiv0
 *(.text*)
 .text.__do_global_dtors_aux
                0x00000000080001e0       0x24 /usr/lib/gcc/arm-none-eabi/12.2.0/thumb/v7e-m+fp/hard/crtbegin.o
 .text.frame_dummy
                0x0000000008000204       0x1c /usr/lib/gcc/arm-none-eabi/12.2.0/thumb/v7e-m+fp/hard/crtbegin.o
 .text.MX_GPIO_Init
                0x0000000008000220      0x108 build/main.o
 .text.Error_Handler
                0x0000000008000328        0x4 build/main.o
                0x0000000008000328                Error_Handler
 .text.MX_ETH_Init
                0x000000000800032c       0x6c build/main.o
 .text.MX_USART3_UART_Init
                0x0000000008000398       0x34 build/main.o
 .text.MX_USB_OTG_FS_PCD_Init
                0x00000000080003cc       0x34 build/main.o
 .text.SystemClock_Config
                0x0000000008000400       0xa8 build/main.o
                0x0000000008000400                SystemClock_Config
 .text.main     0x00000000080004a8       0x1c build/main.o
                0x00000000080004a8                main
 .text.NMI_Handler
                0x00000000080004c4        0x2 build/stm32f4xx_it.o
                0x00000000080004c4                NMI_Handler
 .text.HardFault_Handler
                0x00000000080004c6        0x2 build/stm32f4xx_it.o
                0x00000000080004c6                HardFault_Handler
 .text.MemManage_Handler
                0x00000000080004c8        0x2 build/stm32f4xx_it.o
                0x00000000080004c8                MemManage_Handler
 .text.BusFault_Handler
                0x00000000080004ca        0x2 build/stm32f4xx_it.o
                0x00000000080004ca                BusFault_Handler
 .text.UsageFault_Handler
                0x00000000080004cc        0x2 build/stm32f4xx_it.o
                0x00000000080004cc                UsageFault_Handler
 .text.SVC_Handler
                0x00000000080004ce        0x2 build/stm32f4xx_it.o
                0x00000000080004ce                SVC_Handler
 .text.DebugMon_Handler
                0x00000000080004d0        0x2 build/stm32f4xx_it.o
                0x00000000080004d0                DebugMon_Handler
 .text.PendSV_Handler
                0x00000000080004d2        0x2 build/stm32f4xx_it.o
                0x00000000080004d2                PendSV_Handler
 .text.SysTick_Handler
                0x00000000080004d4        0x8 build/stm32f4xx_it.o
                0x00000000080004d4                SysTick_Handler
 .text.HAL_MspInit
                0x00000000080004dc       0x38 build/stm32f4xx_hal_msp.o
                0x00000000080004dc                HAL_MspInit
 .text.HAL_ETH_MspInit
                0x0000000008000514      0x11c build/stm32f4xx_hal_msp.o
                0x0000000008000514                HAL_ETH_MspInit
 .text.HAL_UART_MspInit
                0x0000000008000630       0x70 build/stm32f4xx_hal_msp.o
                0x0000000008000630                HAL_UART_MspInit
 .text.HAL_PCD_MspInit
                0x00000000080006a0       0x88 build/stm32f4xx_hal_msp.o
                0x00000000080006a0                HAL_PCD_MspInit
 .text.HAL_RCC_OscConfig
                0x0000000008000728      0x3f8 build/stm32f4xx_hal_rcc.o
                0x0000000008000728                HAL_RCC_OscConfig
 .text.HAL_RCC_GetSysClockFreq
                0x0000000008000b20       0xdc build/stm32f4xx_hal_rcc.o
                0x0000000008000b20                HAL_RCC_GetSysClockFreq
 .text.HAL_RCC_ClockConfig
                0x0000000008000bfc      0x160 build/stm32f4xx_hal_rcc.o
                0x0000000008000bfc                HAL_RCC_ClockConfig
 .text.HAL_RCC_GetHCLKFreq
                0x0000000008000d5c        0xc build/stm32f4xx_hal_rcc.o
                0x0000000008000d5c                HAL_RCC_GetHCLKFreq
 .text.HAL_RCC_GetPCLK1Freq
                0x0000000008000d68       0x20 build/stm32f4xx_hal_rcc.o
                0x0000000008000d68                HAL_RCC_GetPCLK1Freq
 .text.HAL_RCC_GetPCLK2Freq
                0x0000000008000d88       0x20 build/stm32f4xx_hal_rcc.o
                0x0000000008000d88                HAL_RCC_GetPCLK2Freq
 .text.HAL_GPIO_Init
                0x0000000008000da8      0x208 build/stm32f4xx_hal_gpio.o
                0x0000000008000da8                HAL_GPIO_Init
 .text.HAL_GPIO_WritePin
                0x0000000008000fb0        0xc build/stm32f4xx_hal_gpio.o
                0x0000000008000fb0                HAL_GPIO_WritePin
 .text.__NVIC_SetPriority
                0x0000000008000fbc       0x28 build/stm32f4xx_hal_cortex.o
 .text.NVIC_EncodePriority
                0x0000000008000fe4       0x3e build/stm32f4xx_hal_cortex.o
 *fill*         0x0000000008001022        0x2 
 .text.HAL_NVIC_SetPriorityGrouping
                0x0000000008001024       0x24 build/stm32f4xx_hal_cortex.o
                0x0000000008001024                HAL_NVIC_SetPriorityGrouping
 .text.HAL_NVIC_SetPriority
                0x0000000008001048       0x20 build/stm32f4xx_hal_cortex.o
                0x0000000008001048                HAL_NVIC_SetPriority
 .text.HAL_SYSTICK_Config
                0x0000000008001068       0x28 build/stm32f4xx_hal_cortex.o
                0x0000000008001068                HAL_SYSTICK_Config
 .text.HAL_InitTick
                0x0000000008001090       0x4c build/stm32f4xx_hal.o
                0x0000000008001090                HAL_InitTick
 .text.HAL_Init
                0x00000000080010dc       0x34 build/stm32f4xx_hal.o
                0x00000000080010dc                HAL_Init
 .text.HAL_IncTick
                0x0000000008001110       0x18 build/stm32f4xx_hal.o
                0x0000000008001110                HAL_IncTick
 .text.HAL_GetTick
                0x0000000008001128        0xc build/stm32f4xx_hal.o
                0x0000000008001128                HAL_GetTick
 .text.HAL_Delay
                0x0000000008001134       0x28 build/stm32f4xx_hal.o
                0x0000000008001134                HAL_Delay
 .text.ETH_MACAddressConfig
                0x000000000800115c       0x30 build/stm32f4xx_hal_eth.o
 .text.ETH_DMATxDescListInit
                0x000000000800118c       0x6e build/stm32f4xx_hal_eth.o
 .text.ETH_DMARxDescListInit
                0x00000000080011fa       0x84 build/stm32f4xx_hal_eth.o
 *fill*         0x000000000800127e        0x2 
 .text.ETH_SetMACConfig
                0x0000000008001280       0xfc build/stm32f4xx_hal_eth.o
 .text.ETH_SetDMAConfig
                0x000000000800137c       0xc0 build/stm32f4xx_hal_eth.o
 .text.ETH_MACDMAConfig
                0x000000000800143c       0xa2 build/stm32f4xx_hal_eth.o
 *fill*         0x00000000080014de        0x2 
 .text.HAL_ETH_Init
                0x00000000080014e0       0xc0 build/stm32f4xx_hal_eth.o
                0x00000000080014e0                HAL_ETH_Init
 .text.UART_SetConfig
                0x00000000080015a0      0x110 build/stm32f4xx_hal_uart.o
 .text.HAL_UART_Init
                0x00000000080016b0       0x5e build/stm32f4xx_hal_uart.o
                0x00000000080016b0                HAL_UART_Init
 .text.HAL_PCD_Init
                0x000000000800170e      0x12e build/stm32f4xx_hal_pcd.o
                0x000000000800170e                HAL_PCD_Init
 .text.USB_CoreReset
                0x000000000800183c       0x50 build/stm32f4xx_ll_usb.o
 .text.USB_CoreInit
                0x000000000800188c       0x8a build/stm32f4xx_ll_usb.o
                0x000000000800188c                USB_CoreInit
 .text.USB_DisableGlobalInt
                0x0000000008001916        0xc build/stm32f4xx_ll_usb.o
                0x0000000008001916                USB_DisableGlobalInt
 *fill*         0x0000000008001922        0x2 
 .text.USB_FlushTxFifo
                0x0000000008001924       0x50 build/stm32f4xx_ll_usb.o
                0x0000000008001924                USB_FlushTxFifo
 .text.USB_FlushRxFifo
                0x0000000008001974       0x4c build/stm32f4xx_ll_usb.o
                0x0000000008001974                USB_FlushRxFifo
 .text.USB_SetDevSpeed
                0x00000000080019c0        0xe build/stm32f4xx_ll_usb.o
                0x00000000080019c0                USB_SetDevSpeed
 *fill*         0x00000000080019ce        0x2 
 .text.USB_DevInit
                0x00000000080019d0      0x190 build/stm32f4xx_ll_usb.o
                0x00000000080019d0                USB_DevInit
 .text.USB_DevDisconnect
                0x0000000008001b60       0x1c build/stm32f4xx_ll_usb.o
                0x0000000008001b60                USB_DevDisconnect
 .text.USB_GetMode
                0x0000000008001b7c        0x8 build/stm32f4xx_ll_usb.o
                0x0000000008001b7c                USB_GetMode
 .text.USB_SetCurrentMode
                0x0000000008001b84       0x62 build/stm32f4xx_ll_usb.o
                0x0000000008001b84                USB_SetCurrentMode
 *fill*         0x0000000008001be6        0x2 
 .text.SystemInit
                0x0000000008001be8       0x14 build/system_stm32f4xx.o
                0x0000000008001be8                SystemInit
 .text.Reset_Handler
                0x0000000008001bfc       0x50 build/startup_stm32f439xx.o
                0x0000000008001bfc                Reset_Handler
 .text.Default_Handler
                0x0000000008001c4c        0x2 build/startup_stm32f439xx.o
                0x0000000008001c4c                RTC_Alarm_IRQHandler
                0x0000000008001c4c                HASH_RNG_IRQHandler
                0x0000000008001c4c                EXTI2_IRQHandler
                0x0000000008001c4c                TIM8_CC_IRQHandler
                0x0000000008001c4c                UART8_IRQHandler
                0x0000000008001c4c                SPI4_IRQHandler
                0x0000000008001c4c                TIM1_CC_IRQHandler
                0x0000000008001c4c                DMA2_Stream5_IRQHandler
                0x0000000008001c4c                DMA1_Stream5_IRQHandler
                0x0000000008001c4c                PVD_IRQHandler
                0x0000000008001c4c                SDIO_IRQHandler
                0x0000000008001c4c                TAMP_STAMP_IRQHandler
                0x0000000008001c4c                CAN2_RX1_IRQHandler
                0x0000000008001c4c                EXTI3_IRQHandler
                0x0000000008001c4c                TIM8_TRG_COM_TIM14_IRQHandler
                0x0000000008001c4c                TIM1_UP_TIM10_IRQHandler
                0x0000000008001c4c                TIM8_UP_TIM13_IRQHandler
                0x0000000008001c4c                I2C3_ER_IRQHandler
                0x0000000008001c4c                EXTI0_IRQHandler
                0x0000000008001c4c                I2C2_EV_IRQHandler
                0x0000000008001c4c                DMA1_Stream2_IRQHandler
                0x0000000008001c4c                CAN1_RX0_IRQHandler
                0x0000000008001c4c                FPU_IRQHandler
                0x0000000008001c4c                OTG_HS_WKUP_IRQHandler
                0x0000000008001c4c                LTDC_ER_IRQHandler
                0x0000000008001c4c                CAN2_SCE_IRQHandler
                0x0000000008001c4c                DMA2_Stream2_IRQHandler
                0x0000000008001c4c                SPI1_IRQHandler
                0x0000000008001c4c                TIM6_DAC_IRQHandler
                0x0000000008001c4c                TIM1_BRK_TIM9_IRQHandler
                0x0000000008001c4c                DCMI_IRQHandler
                0x0000000008001c4c                CAN2_RX0_IRQHandler
                0x0000000008001c4c                DMA2_Stream3_IRQHandler
                0x0000000008001c4c                USART6_IRQHandler
                0x0000000008001c4c                USART3_IRQHandler
                0x0000000008001c4c                CRYP_IRQHandler
                0x0000000008001c4c                CAN1_RX1_IRQHandler
                0x0000000008001c4c                UART5_IRQHandler
                0x0000000008001c4c                DMA2_Stream0_IRQHandler
                0x0000000008001c4c                TIM4_IRQHandler
                0x0000000008001c4c                I2C1_EV_IRQHandler
                0x0000000008001c4c                DMA1_Stream6_IRQHandler
                0x0000000008001c4c                DMA1_Stream1_IRQHandler
                0x0000000008001c4c                UART4_IRQHandler
                0x0000000008001c4c                TIM3_IRQHandler
                0x0000000008001c4c                RCC_IRQHandler
                0x0000000008001c4c                TIM8_BRK_TIM12_IRQHandler
                0x0000000008001c4c                Default_Handler
                0x0000000008001c4c                EXTI15_10_IRQHandler
                0x0000000008001c4c                ADC_IRQHandler
                0x0000000008001c4c                DMA1_Stream7_IRQHandler
                0x0000000008001c4c                SPI5_IRQHandler
                0x0000000008001c4c                TIM7_IRQHandler
                0x0000000008001c4c                CAN2_TX_IRQHandler
                0x0000000008001c4c                TIM5_IRQHandler
                0x0000000008001c4c                DMA2_Stream7_IRQHandler
                0x0000000008001c4c                I2C3_EV_IRQHandler
                0x0000000008001c4c                EXTI9_5_IRQHandler
                0x0000000008001c4c                RTC_WKUP_IRQHandler
                0x0000000008001c4c                LTDC_IRQHandler
                0x0000000008001c4c                ETH_WKUP_IRQHandler
                0x0000000008001c4c                SPI2_IRQHandler
                0x0000000008001c4c                OTG_HS_EP1_IN_IRQHandler
                0x0000000008001c4c                DMA1_Stream0_IRQHandler
                0x0000000008001c4c                CAN1_TX_IRQHandler
                0x0000000008001c4c                EXTI4_IRQHandler
                0x0000000008001c4c                ETH_IRQHandler
                0x0000000008001c4c                OTG_HS_EP1_OUT_IRQHandler
                0x0000000008001c4c                WWDG_IRQHandler
                0x0000000008001c4c                SPI6_IRQHandler
                0x0000000008001c4c                TIM2_IRQHandler
                0x0000000008001c4c                OTG_FS_WKUP_IRQHandler
                0x0000000008001c4c                TIM1_TRG_COM_TIM11_IRQHandler
                0x0000000008001c4c                OTG_HS_IRQHandler
                0x0000000008001c4c                DMA2D_IRQHandler
                0x0000000008001c4c                EXTI1_IRQHandler
                0x0000000008001c4c                UART7_IRQHandler
                0x0000000008001c4c                USART2_IRQHandler
                0x0000000008001c4c                I2C2_ER_IRQHandler
                0x0000000008001c4c                DMA2_Stream1_IRQHandler
                0x0000000008001c4c                CAN1_SCE_IRQHandler
                0x0000000008001c4c                FLASH_IRQHandler
                0x0000000008001c4c                DMA2_Stream4_IRQHandler
                0x0000000008001c4c                USART1_IRQHandler
                0x0000000008001c4c                OTG_FS_IRQHandler
                0x0000000008001c4c                SPI3_IRQHandler
                0x0000000008001c4c                DMA1_Stream4_IRQHandler
                0x0000000008001c4c                I2C1_ER_IRQHandler
                0x0000000008001c4c                FMC_IRQHandler
                0x0000000008001c4c                DMA2_Stream6_IRQHandler
                0x0000000008001c4c                SAI1_IRQHandler
                0x0000000008001c4c                DMA1_Stream3_IRQHandler
 *fill*         0x0000000008001c4e        0x2 
 .text.__libc_init_array
                0x0000000008001c50       0x48 /usr/lib/gcc/arm-none-eabi/12.2.0/../../../../arm-none-eabi/lib/thumb/v7e-m+fp/hard/libc_nano.a(lib_a-init.o)
                0x0000000008001c50                __libc_init_array
 .text.memset   0x0000000008001c98       0x10 /usr/lib/gcc/arm-none-eabi/12.2.0/../../../../arm-none-eabi/lib/thumb/v7e-m+fp/hard/libc_nano.a(lib_a-memset.o)
                0x0000000008001c98                memset
 .text.__udivmoddi4
                0x0000000008001ca8      0x2a0 /usr/lib/gcc/arm-none-eabi/12.2.0/thumb/v7e-m+fp/hard/libgcc.a(_udivmoddi4.o)
                0x0000000008001ca8                __udivmoddi4
 *(.glue_7)
 .glue_7        0x0000000008001f48        0x0 linker stubs
 *(.glue_7t)
 .glue_7t       0x0000000008001f48        0x0 linker stubs
 *(.eh_frame)
 .eh_frame      0x0000000008001f48        0x0 /usr/lib/gcc/arm-none-eabi/12.2.0/thumb/v7e-m+fp/hard/crtbegin.o
 *(.init)
 .init          0x0000000008001f48        0x4 /usr/lib/gcc/arm-none-eabi/12.2.0/thumb/v7e-m+fp/hard/crti.o
                0x0000000008001f48                _init
 .init          0x0000000008001f4c        0x8 /usr/lib/gcc/arm-none-eabi/12.2.0/thumb/v7e-m+fp/hard/crtn.o
 *(.fini)
 .fini          0x0000000008001f54        0x4 /usr/lib/gcc/arm-none-eabi/12.2.0/thumb/v7e-m+fp/hard/crti.o
                0x0000000008001f54                _fini
 .fini          0x0000000008001f58        0x8 /usr/lib/gcc/arm-none-eabi/12.2.0/thumb/v7e-m+fp/hard/crtn.o
                0x0000000008001f60                . = ALIGN (0x4)
                0x0000000008001f60                _etext = .

.vfp11_veneer   0x0000000008001f60        0x0
 .vfp11_veneer  0x0000000008001f60        0x0 linker stubs

.v4_bx          0x0000000008001f60        0x0
 .v4_bx         0x0000000008001f60        0x0 linker stubs

.iplt           0x0000000008001f60        0x0
 .iplt          0x0000000008001f60        0x0 /usr/lib/gcc/arm-none-eabi/12.2.0/thumb/v7e-m+fp/hard/crtbegin.o

.rodata         0x0000000008001f60       0x18
                0x0000000008001f60                . = ALIGN (0x4)
 *(.rodata)
 *(.rodata*)
 .rodata.APBPrescTable
                0x0000000008001f60        0x8 build/system_stm32f4xx.o
                0x0000000008001f60                APBPrescTable
 .rodata.AHBPrescTable
                0x0000000008001f68       0x10 build/system_stm32f4xx.o
                0x0000000008001f68                AHBPrescTable
                0x0000000008001f78                . = ALIGN (0x4)

.ARM.extab
 *(.ARM.extab* .gnu.linkonce.armextab.*)

.ARM            0x0000000008001f78        0x8
                0x0000000008001f78                __exidx_start = .
 *(.ARM.exidx*)
 .ARM.exidx.text.__udivmoddi4
                0x0000000008001f78        0x8 /usr/lib/gcc/arm-none-eabi/12.2.0/thumb/v7e-m+fp/hard/libgcc.a(_udivmoddi4.o)
                0x0000000008001f80                __exidx_end = .

.rel.dyn        0x0000000008001f80        0x0
 .rel.iplt      0x0000000008001f80        0x0 /usr/lib/gcc/arm-none-eabi/12.2.0/thumb/v7e-m+fp/hard/crtbegin.o

.preinit_array  0x0000000008001f80        0x0
                0x0000000008001f80                PROVIDE (__preinit_array_start = .)
 *(.preinit_array*)
                0x0000000008001f80                PROVIDE (__preinit_array_end = .)

.init_array     0x0000000008001f80        0x4
                0x0000000008001f80                PROVIDE (__init_array_start = .)
 *(SORT_BY_NAME(.init_array.*))
 *(.init_array*)
 .init_array    0x0000000008001f80        0x4 /usr/lib/gcc/arm-none-eabi/12.2.0/thumb/v7e-m+fp/hard/crtbegin.o
                0x0000000008001f84                PROVIDE (__init_array_end = .)

.fini_array     0x0000000008001f84        0x4
                0x0000000008001f84                PROVIDE (__fini_array_start = .)
 *(SORT_BY_NAME(.fini_array.*))
 *(.fini_array*)
 .fini_array    0x0000000008001f84        0x4 /usr/lib/gcc/arm-none-eabi/12.2.0/thumb/v7e-m+fp/hard/crtbegin.o
                0x0000000008001f88                PROVIDE (__fini_array_end = .)
                0x0000000008001f88                _sidata = LOADADDR (.data)

.data           0x0000000020000000        0xc load address 0x0000000008001f88
                0x0000000020000000                . = ALIGN (0x4)
                0x0000000020000000                _sdata = .
 *(.data)
 *(.data*)
 .data.uwTickFreq
                0x0000000020000000        0x1 build/stm32f4xx_hal.o
                0x0000000020000000                uwTickFreq
 *fill*         0x0000000020000001        0x3 
 .data.uwTickPrio
                0x0000000020000004        0x4 build/stm32f4xx_hal.o
                0x0000000020000004                uwTickPrio
 .data.SystemCoreClock
                0x0000000020000008        0x4 build/system_stm32f4xx.o
                0x0000000020000008                SystemCoreClock
                0x000000002000000c                . = ALIGN (0x4)
                0x000000002000000c                _edata = .
                0x0000000008001f94                _siccmram = LOADADDR (.ccmram)

.igot.plt       0x000000002000000c        0x0 load address 0x0000000008001f94
 .igot.plt      0x000000002000000c        0x0 /usr/lib/gcc/arm-none-eabi/12.2.0/thumb/v7e-m+fp/hard/crtbegin.o

.ccmram         0x0000000010000000        0x0 load address 0x0000000008001f94
                0x0000000010000000                . = ALIGN (0x4)
                0x0000000010000000                _sccmram = .
 *(.ccmram)
 *(.ccmram*)
                0x0000000010000000                . = ALIGN (0x4)
                0x0000000010000000                _eccmram = .
                0x0000000010000000                . = ALIGN (0x4)

.bss            0x000000002000000c      0x7a0
                0x000000002000000c                _sbss = .
                0x000000002000000c                __bss_start__ = _sbss
 *(.bss)
 *(.bss*)
 .bss.completed.1
                0x000000002000000c        0x1 /usr/lib/gcc/arm-none-eabi/12.2.0/thumb/v7e-m+fp/hard/crtbegin.o
 *fill*         0x000000002000000d        0x3 
 .bss.object.0  0x0000000020000010       0x18 /usr/lib/gcc/arm-none-eabi/12.2.0/thumb/v7e-m+fp/hard/crtbegin.o
 .bss.MACAddr.0
                0x0000000020000028        0x6 build/main.o
 *fill*         0x000000002000002e        0x2 
 .bss.hpcd_USB_OTG_FS
                0x0000000020000030      0x50c build/main.o
                0x0000000020000030                hpcd_USB_OTG_FS
 .bss.huart3    0x000000002000053c       0x44 build/main.o
                0x000000002000053c                huart3
 .bss.heth      0x0000000020000580       0xb0 build/main.o
                0x0000000020000580                heth
 .bss.DMATxDscrTab
                0x0000000020000630       0xa0 build/main.o
                0x0000000020000630                DMATxDscrTab
 .bss.DMARxDscrTab
                0x00000000200006d0       0xa0 build/main.o
                0x00000000200006d0                DMARxDscrTab
 .bss.TxConfig  0x0000000020000770       0x38 build/main.o
                0x0000000020000770                TxConfig
 .bss.uwTick    0x00000000200007a8        0x4 build/stm32f4xx_hal.o
                0x00000000200007a8                uwTick
 *(COMMON)
                0x00000000200007ac                . = ALIGN (0x4)
                0x00000000200007ac                _ebss = .
                0x00000000200007ac                __bss_end__ = _ebss

._user_heap_stack
                0x00000000200007ac      0x604
                0x00000000200007b0                . = ALIGN (0x8)
 *fill*         0x00000000200007ac        0x4 
                [!provide]                        PROVIDE (end = .)
                [!provide]                        PROVIDE (_end = .)
                0x00000000200009b0                . = (. + _Min_Heap_Size)
 *fill*         0x00000000200007b0      0x200 
                0x0000000020000db0                . = (. + _Min_Stack_Size)
 *fill*         0x00000000200009b0      0x400 
                0x0000000020000db0                . = ALIGN (0x8)

/DISCARD/
 libc.a(*)
 libm.a(*)
 libgcc.a(*)

.ARM.attributes
                0x0000000000000000       0x30
 *(.ARM.attributes)
 .ARM.attributes
                0x0000000000000000       0x22 /usr/lib/gcc/arm-none-eabi/12.2.0/thumb/v7e-m+fp/hard/crti.o
 .ARM.attributes
                0x0000000000000022       0x34 /usr/lib/gcc/arm-none-eabi/12.2.0/thumb/v7e-m+fp/hard/crtbegin.o
 .ARM.attributes
                0x0000000000000056       0x34 build/main.o
 .ARM.attributes
                0x000000000000008a       0x34 build/stm32f4xx_it.o
 .ARM.attributes
                0x00000000000000be       0x34 build/stm32f4xx_hal_msp.o
 .ARM.attributes
                0x00000000000000f2       0x34 build/stm32f4xx_hal_rcc.o
 .ARM.attributes
                0x0000000000000126       0x34 build/stm32f4xx_hal_gpio.o
 .ARM.attributes
                0x000000000000015a       0x34 build/stm32f4xx_hal_cortex.o
 .ARM.attributes
                0x000000000000018e       0x34 build/stm32f4xx_hal.o
 .ARM.attributes
                0x00000000000001c2       0x34 build/stm32f4xx_hal_eth.o
 .ARM.attributes
                0x00000000000001f6       0x34 build/stm32f4xx_hal_uart.o
 .ARM.attributes
                0x000000000000022a       0x34 build/stm32f4xx_hal_pcd.o
 .ARM.attributes
                0x000000000000025e       0x34 build/stm32f4xx_ll_usb.o
 .ARM.attributes
                0x0000000000000292       0x34 build/system_stm32f4xx.o
 .ARM.attributes
                0x00000000000002c6       0x21 build/startup_stm32f439xx.o
 .ARM.attributes
                0x00000000000002e7       0x34 /usr/lib/gcc/arm-none-eabi/12.2.0/../../../../arm-none-eabi/lib/thumb/v7e-m+fp/hard/libc_nano.a(lib_a-init.o)
 .ARM.attributes
                0x000000000000031b       0x34 /usr/lib/gcc/arm-none-eabi/12.2.0/../../../../arm-none-eabi/lib/thumb/v7e-m+fp/hard/libc_nano.a(lib_a-memset.o)
 .ARM.attributes
                0x000000000000034f       0x22 /usr/lib/gcc/arm-none-eabi/12.2.0/thumb/v7e-m+fp/hard/libgcc.a(_aeabi_uldivmod.o)
 .ARM.attributes
                0x0000000000000371       0x34 /usr/lib/gcc/arm-none-eabi/12.2.0/thumb/v7e-m+fp/hard/libgcc.a(_udivmoddi4.o)
 .ARM.attributes
                0x00000000000003a5       0x22 /usr/lib/gcc/arm-none-eabi/12.2.0/thumb/v7e-m+fp/hard/libgcc.a(_dvmd_tls.o)
 .ARM.attributes
                0x00000000000003c7       0x22 /usr/lib/gcc/arm-none-eabi/12.2.0/thumb/v7e-m+fp/hard/crtn.o
OUTPUT(build/c.elf elf32-littlearm)
LOAD linker stubs
LOAD /usr/lib/gcc/arm-none-eabi/12.2.0/../../../../arm-none-eabi/lib/thumb/v7e-m+fp/hard/libc.a
LOAD /usr/lib/gcc/arm-none-eabi/12.2.0/../../../../arm-none-eabi/lib/thumb/v7e-m+fp/hard/libm.a
LOAD /usr/lib/gcc/arm-none-eabi/12.2.0/thumb/v7e-m+fp/hard/libgcc.a

.debug_info     0x0000000000000000    0x12ef7
 .debug_info    0x0000000000000000     0x2081 build/main.o
 .debug_info    0x0000000000002081      0x157 build/stm32f4xx_it.o
 .debug_info    0x00000000000021d8     0x1c3e build/stm32f4xx_hal_msp.o
 .debug_info    0x0000000000003e16      0xc2c build/stm32f4xx_hal_rcc.o
 .debug_info    0x0000000000004a42      0x86a build/stm32f4xx_hal_gpio.o
 .debug_info    0x00000000000052ac     0x1196 build/stm32f4xx_hal_cortex.o
 .debug_info    0x0000000000006442      0xb86 build/stm32f4xx_hal.o
 .debug_info    0x0000000000006fc8     0x2b46 build/stm32f4xx_hal_eth.o
 .debug_info    0x0000000000009b0e     0x4425 build/stm32f4xx_hal_uart.o
 .debug_info    0x000000000000df33     0x1f23 build/stm32f4xx_hal_pcd.o
 .debug_info    0x000000000000fe56     0x2157 build/stm32f4xx_ll_usb.o
 .debug_info    0x0000000000011fad      0x5d5 build/system_stm32f4xx.o
 .debug_info    0x0000000000012582       0x30 build/startup_stm32f439xx.o
 .debug_info    0x00000000000125b2      0x10b /usr/lib/gcc/arm-none-eabi/12.2.0/../../../../arm-none-eabi/lib/thumb/v7e-m+fp/hard/libc_nano.a(lib_a-init.o)
 .debug_info    0x00000000000126bd       0xe0 /usr/lib/gcc/arm-none-eabi/12.2.0/../../../../arm-none-eabi/lib/thumb/v7e-m+fp/hard/libc_nano.a(lib_a-memset.o)
 .debug_info    0x000000000001279d       0x24 /usr/lib/gcc/arm-none-eabi/12.2.0/thumb/v7e-m+fp/hard/libgcc.a(_aeabi_uldivmod.o)
 .debug_info    0x00000000000127c1      0x6fd /usr/lib/gcc/arm-none-eabi/12.2.0/thumb/v7e-m+fp/hard/libgcc.a(_udivmoddi4.o)
 .debug_info    0x0000000000012ebe       0x39 /usr/lib/gcc/arm-none-eabi/12.2.0/thumb/v7e-m+fp/hard/libgcc.a(_dvmd_tls.o)

.debug_abbrev   0x0000000000000000     0x21d3
 .debug_abbrev  0x0000000000000000      0x2e6 build/main.o
 .debug_abbrev  0x00000000000002e6       0x80 build/stm32f4xx_it.o
 .debug_abbrev  0x0000000000000366      0x245 build/stm32f4xx_hal_msp.o
 .debug_abbrev  0x00000000000005ab      0x2de build/stm32f4xx_hal_rcc.o
 .debug_abbrev  0x0000000000000889      0x22b build/stm32f4xx_hal_gpio.o
 .debug_abbrev  0x0000000000000ab4      0x3d3 build/stm32f4xx_hal_cortex.o
 .debug_abbrev  0x0000000000000e87      0x244 build/stm32f4xx_hal.o
 .debug_abbrev  0x00000000000010cb      0x322 build/stm32f4xx_hal_eth.o
 .debug_abbrev  0x00000000000013ed      0x36f build/stm32f4xx_hal_uart.o
 .debug_abbrev  0x000000000000175c      0x2fe build/stm32f4xx_hal_pcd.o
 .debug_abbrev  0x0000000000001a5a      0x33d build/stm32f4xx_ll_usb.o
 .debug_abbrev  0x0000000000001d97      0x11b build/system_stm32f4xx.o
 .debug_abbrev  0x0000000000001eb2       0x1d build/startup_stm32f439xx.o
 .debug_abbrev  0x0000000000001ecf       0xc9 /usr/lib/gcc/arm-none-eabi/12.2.0/../../../../arm-none-eabi/lib/thumb/v7e-m+fp/hard/libc_nano.a(lib_a-init.o)
 .debug_abbrev  0x0000000000001f98       0x9e /usr/lib/gcc/arm-none-eabi/12.2.0/../../../../arm-none-eabi/lib/thumb/v7e-m+fp/hard/libc_nano.a(lib_a-memset.o)
 .debug_abbrev  0x0000000000002036       0x14 /usr/lib/gcc/arm-none-eabi/12.2.0/thumb/v7e-m+fp/hard/libgcc.a(_aeabi_uldivmod.o)
 .debug_abbrev  0x000000000000204a      0x16a /usr/lib/gcc/arm-none-eabi/12.2.0/thumb/v7e-m+fp/hard/libgcc.a(_udivmoddi4.o)
 .debug_abbrev  0x00000000000021b4       0x1f /usr/lib/gcc/arm-none-eabi/12.2.0/thumb/v7e-m+fp/hard/libgcc.a(_dvmd_tls.o)

.debug_loc      0x0000000000000000     0xc90c
 .debug_loc     0x0000000000000000       0xff build/main.o
 .debug_loc     0x00000000000000ff       0x20 build/stm32f4xx_it.o
 .debug_loc     0x000000000000011f      0x2e6 build/stm32f4xx_hal_msp.o
 .debug_loc     0x0000000000000405      0x6e4 build/stm32f4xx_hal_rcc.o
 .debug_loc     0x0000000000000ae9      0x5db build/stm32f4xx_hal_gpio.o
 .debug_loc     0x00000000000010c4      0x7a7 build/stm32f4xx_hal_cortex.o
 .debug_loc     0x000000000000186b      0x1e1 build/stm32f4xx_hal.o
 .debug_loc     0x0000000000001a4c     0x1d98 build/stm32f4xx_hal_eth.o
 .debug_loc     0x00000000000037e4     0x4ff2 build/stm32f4xx_hal_uart.o
 .debug_loc     0x00000000000087d6     0x1766 build/stm32f4xx_hal_pcd.o
 .debug_loc     0x0000000000009f3c     0x2878 build/stm32f4xx_ll_usb.o
 .debug_loc     0x000000000000c7b4      0x158 build/system_stm32f4xx.o

.debug_aranges  0x0000000000000000      0xb70
 .debug_aranges
                0x0000000000000000       0x50 build/main.o
 .debug_aranges
                0x0000000000000050       0x60 build/stm32f4xx_it.o
 .debug_aranges
                0x00000000000000b0       0x50 build/stm32f4xx_hal_msp.o
 .debug_aranges
                0x0000000000000100       0x88 build/stm32f4xx_hal_rcc.o
 .debug_aranges
                0x0000000000000188       0x58 build/stm32f4xx_hal_gpio.o
 .debug_aranges
                0x00000000000001e0       0xd8 build/stm32f4xx_hal_cortex.o
 .debug_aranges
                0x00000000000002b8      0x100 build/stm32f4xx_hal.o
 .debug_aranges
                0x00000000000003b8      0x1e0 build/stm32f4xx_hal_eth.o
 .debug_aranges
                0x0000000000000598      0x200 build/stm32f4xx_hal_uart.o
 .debug_aranges
                0x0000000000000798      0x148 build/stm32f4xx_hal_pcd.o
 .debug_aranges
                0x00000000000008e0      0x1a0 build/stm32f4xx_ll_usb.o
 .debug_aranges
                0x0000000000000a80       0x28 build/system_stm32f4xx.o
 .debug_aranges
                0x0000000000000aa8       0x28 build/startup_stm32f439xx.o
 .debug_aranges
                0x0000000000000ad0       0x20 /usr/lib/gcc/arm-none-eabi/12.2.0/../../../../arm-none-eabi/lib/thumb/v7e-m+fp/hard/libc_nano.a(lib_a-init.o)
 .debug_aranges
                0x0000000000000af0       0x20 /usr/lib/gcc/arm-none-eabi/12.2.0/../../../../arm-none-eabi/lib/thumb/v7e-m+fp/hard/libc_nano.a(lib_a-memset.o)
 .debug_aranges
                0x0000000000000b10       0x20 /usr/lib/gcc/arm-none-eabi/12.2.0/thumb/v7e-m+fp/hard/libgcc.a(_aeabi_uldivmod.o)
 .debug_aranges
                0x0000000000000b30       0x20 /usr/lib/gcc/arm-none-eabi/12.2.0/thumb/v7e-m+fp/hard/libgcc.a(_udivmoddi4.o)
 .debug_aranges
                0x0000000000000b50       0x20 /usr/lib/gcc/arm-none-eabi/12.2.0/thumb/v7e-m+fp/hard/libgcc.a(_dvmd_tls.o)

.debug_ranges   0x0000000000000000      0xa38
 .debug_ranges  0x0000000000000000       0x40 build/main.o
 .debug_ranges  0x0000000000000040       0x50 build/stm32f4xx_it.o
 .debug_ranges  0x0000000000000090       0x40 build/stm32f4xx_hal_msp.o
 .debug_ranges  0x00000000000000d0       0x90 build/stm32f4xx_hal_rcc.o
 .debug_ranges  0x0000000000000160       0x48 build/stm32f4xx_hal_gpio.o
 .debug_ranges  0x00000000000001a8       0xc8 build/stm32f4xx_hal_cortex.o
 .debug_ranges  0x0000000000000270       0xf0 build/stm32f4xx_hal.o
 .debug_ranges  0x0000000000000360      0x1d0 build/stm32f4xx_hal_eth.o
 .debug_ranges  0x0000000000000530      0x208 build/stm32f4xx_hal_uart.o
 .debug_ranges  0x0000000000000738      0x138 build/stm32f4xx_hal_pcd.o
 .debug_ranges  0x0000000000000870      0x190 build/stm32f4xx_ll_usb.o
 .debug_ranges  0x0000000000000a00       0x18 build/system_stm32f4xx.o
 .debug_ranges  0x0000000000000a18       0x20 build/startup_stm32f439xx.o

.debug_line     0x0000000000000000     0xca7d
 .debug_line    0x0000000000000000      0x5c2 build/main.o
 .debug_line    0x00000000000005c2      0x177 build/stm32f4xx_it.o
 .debug_line    0x0000000000000739      0x447 build/stm32f4xx_hal_msp.o
 .debug_line    0x0000000000000b80      0xaac build/stm32f4xx_hal_rcc.o
 .debug_line    0x000000000000162c      0x67b build/stm32f4xx_hal_gpio.o
 .debug_line    0x0000000000001ca7      0x7ba build/stm32f4xx_hal_cortex.o
 .debug_line    0x0000000000002461      0x547 build/stm32f4xx_hal.o
 .debug_line    0x00000000000029a8     0x1caf build/stm32f4xx_hal_eth.o
 .debug_line    0x0000000000004657     0x4584 build/stm32f4xx_hal_uart.o
 .debug_line    0x0000000000008bdb     0x152b build/stm32f4xx_hal_pcd.o
 .debug_line    0x000000000000a106     0x1ead build/stm32f4xx_ll_usb.o
 .debug_line    0x000000000000bfb3      0x1f7 build/system_stm32f4xx.o
 .debug_line    0x000000000000c1aa       0x76 build/startup_stm32f439xx.o
 .debug_line    0x000000000000c220      0x13b /usr/lib/gcc/arm-none-eabi/12.2.0/../../../../arm-none-eabi/lib/thumb/v7e-m+fp/hard/libc_nano.a(lib_a-init.o)
 .debug_line    0x000000000000c35b      0x129 /usr/lib/gcc/arm-none-eabi/12.2.0/../../../../arm-none-eabi/lib/thumb/v7e-m+fp/hard/libc_nano.a(lib_a-memset.o)
 .debug_line    0x000000000000c484       0x4e /usr/lib/gcc/arm-none-eabi/12.2.0/thumb/v7e-m+fp/hard/libgcc.a(_aeabi_uldivmod.o)
 .debug_line    0x000000000000c4d2      0x561 /usr/lib/gcc/arm-none-eabi/12.2.0/thumb/v7e-m+fp/hard/libgcc.a(_udivmoddi4.o)
 .debug_line    0x000000000000ca33       0x4a /usr/lib/gcc/arm-none-eabi/12.2.0/thumb/v7e-m+fp/hard/libgcc.a(_dvmd_tls.o)

.debug_str      0x0000000000000000     0x4bb8
 .debug_str     0x0000000000000000     0x1239 build/main.o
                                       0x135a (size before relaxing)
 .debug_str     0x0000000000001239       0xb4 build/stm32f4xx_it.o
                                        0x1f5 (size before relaxing)
 .debug_str     0x00000000000012ed       0xac build/stm32f4xx_hal_msp.o
                                       0x1055 (size before relaxing)
 .debug_str     0x0000000000001399      0x22f build/stm32f4xx_hal_rcc.o
                                        0x6df (size before relaxing)
 .debug_str     0x00000000000015c8      0x117 build/stm32f4xx_hal_gpio.o
                                        0x4b9 (size before relaxing)
 .debug_str     0x00000000000016df      0xa61 build/stm32f4xx_hal_cortex.o
                                        0xc60 (size before relaxing)
 .debug_str     0x0000000000002140      0x2da build/stm32f4xx_hal.o
                                        0xbe6 (size before relaxing)
 .debug_str     0x000000000000241a      0xbef build/stm32f4xx_hal_eth.o
                                       0x1637 (size before relaxing)
 .debug_str     0x0000000000003009      0x641 build/stm32f4xx_hal_uart.o
                                        0xd1f (size before relaxing)
 .debug_str     0x000000000000364a      0x7e8 build/stm32f4xx_hal_pcd.o
                                        0xdaf (size before relaxing)
 .debug_str     0x0000000000003e32      0x43c build/stm32f4xx_ll_usb.o
                                        0xc65 (size before relaxing)
 .debug_str     0x000000000000426e       0x47 build/system_stm32f4xx.o
                                        0x34e (size before relaxing)
 .debug_str     0x00000000000042b5       0x30 build/startup_stm32f439xx.o
                                         0x4f (size before relaxing)
 .debug_str     0x00000000000042e5      0x18e /usr/lib/gcc/arm-none-eabi/12.2.0/../../../../arm-none-eabi/lib/thumb/v7e-m+fp/hard/libc_nano.a(lib_a-init.o)
                                        0x230 (size before relaxing)
 .debug_str     0x0000000000004473       0xaa /usr/lib/gcc/arm-none-eabi/12.2.0/../../../../arm-none-eabi/lib/thumb/v7e-m+fp/hard/libc_nano.a(lib_a-memset.o)
                                        0x1d1 (size before relaxing)
 .debug_str     0x000000000000451d       0x92 /usr/lib/gcc/arm-none-eabi/12.2.0/thumb/v7e-m+fp/hard/libgcc.a(_aeabi_uldivmod.o)
                                         0x9e (size before relaxing)
 .debug_str     0x00000000000045af      0x5a7 /usr/lib/gcc/arm-none-eabi/12.2.0/thumb/v7e-m+fp/hard/libgcc.a(_udivmoddi4.o)
                                        0x6a7 (size before relaxing)
 .debug_str     0x0000000000004b56       0x62 /usr/lib/gcc/arm-none-eabi/12.2.0/thumb/v7e-m+fp/hard/libgcc.a(_dvmd_tls.o)
                                         0xbe (size before relaxing)

.comment        0x0000000000000000       0x3c
 .comment       0x0000000000000000       0x1e build/main.o
                                         0x1f (size before relaxing)
 .comment       0x000000000000001e       0x1f build/stm32f4xx_it.o
 .comment       0x000000000000001e       0x1f build/stm32f4xx_hal_msp.o
 .comment       0x000000000000001e       0x1f build/stm32f4xx_hal_rcc.o
 .comment       0x000000000000001e       0x1f build/stm32f4xx_hal_gpio.o
 .comment       0x000000000000001e       0x1f build/stm32f4xx_hal_cortex.o
 .comment       0x000000000000001e       0x1f build/stm32f4xx_hal.o
 .comment       0x000000000000001e       0x1f build/stm32f4xx_hal_eth.o
 .comment       0x000000000000001e       0x1f build/stm32f4xx_hal_uart.o
 .comment       0x000000000000001e       0x1f build/stm32f4xx_hal_pcd.o
 .comment       0x000000000000001e       0x1f build/stm32f4xx_ll_usb.o
 .comment       0x000000000000001e       0x1f build/system_stm32f4xx.o
 .comment       0x000000000000001e       0x1e /usr/lib/gcc/arm-none-eabi/12.2.0/../../../../arm-none-eabi/lib/thumb/v7e-m+fp/hard/libc_nano.a(lib_a-init.o)
                                         0x1f (size before relaxing)
 .comment       0x000000000000003c       0x1f /usr/lib/gcc/arm-none-eabi/12.2.0/../../../../arm-none-eabi/lib/thumb/v7e-m+fp/hard/libc_nano.a(lib_a-memset.o)
 .comment       0x000000000000003c       0x1f /usr/lib/gcc/arm-none-eabi/12.2.0/thumb/v7e-m+fp/hard/libgcc.a(_udivmoddi4.o)

.debug_frame    0x0000000000000000     0x1c74
 .debug_frame   0x0000000000000000       0xc4 build/main.o
 .debug_frame   0x00000000000000c4       0xa8 build/stm32f4xx_it.o
 .debug_frame   0x000000000000016c       0xdc build/stm32f4xx_hal_msp.o
 .debug_frame   0x0000000000000248      0x16c build/stm32f4xx_hal_rcc.o
 .debug_frame   0x00000000000003b4       0xd8 build/stm32f4xx_hal_gpio.o
 .debug_frame   0x000000000000048c      0x1cc build/stm32f4xx_hal_cortex.o
 .debug_frame   0x0000000000000658      0x20c build/stm32f4xx_hal.o
 .debug_frame   0x0000000000000864      0x54c build/stm32f4xx_hal_eth.o
 .debug_frame   0x0000000000000db0      0x5c4 build/stm32f4xx_hal_uart.o
 .debug_frame   0x0000000000001374      0x388 build/stm32f4xx_hal_pcd.o
 .debug_frame   0x00000000000016fc      0x49c build/stm32f4xx_ll_usb.o
 .debug_frame   0x0000000000001b98       0x30 build/system_stm32f4xx.o
 .debug_frame   0x0000000000001bc8       0x2c /usr/lib/gcc/arm-none-eabi/12.2.0/../../../../arm-none-eabi/lib/thumb/v7e-m+fp/hard/libc_nano.a(lib_a-init.o)
 .debug_frame   0x0000000000001bf4       0x20 /usr/lib/gcc/arm-none-eabi/12.2.0/../../../../arm-none-eabi/lib/thumb/v7e-m+fp/hard/libc_nano.a(lib_a-memset.o)
 .debug_frame   0x0000000000001c14       0x2c /usr/lib/gcc/arm-none-eabi/12.2.0/thumb/v7e-m+fp/hard/libgcc.a(_aeabi_uldivmod.o)
 .debug_frame   0x0000000000001c40       0x34 /usr/lib/gcc/arm-none-eabi/12.2.0/thumb/v7e-m+fp/hard/libgcc.a(_udivmoddi4.o)

.debug_loclists
                0x0000000000000000      0x7f3
 .debug_loclists
                0x0000000000000000       0x44 /usr/lib/gcc/arm-none-eabi/12.2.0/../../../../arm-none-eabi/lib/thumb/v7e-m+fp/hard/libc_nano.a(lib_a-init.o)
 .debug_loclists
                0x0000000000000044       0x47 /usr/lib/gcc/arm-none-eabi/12.2.0/../../../../arm-none-eabi/lib/thumb/v7e-m+fp/hard/libc_nano.a(lib_a-memset.o)
 .debug_loclists
                0x000000000000008b      0x768 /usr/lib/gcc/arm-none-eabi/12.2.0/thumb/v7e-m+fp/hard/libgcc.a(_udivmoddi4.o)

.debug_rnglists
                0x0000000000000000       0x93
 .debug_rnglists
                0x0000000000000000       0x13 /usr/lib/gcc/arm-none-eabi/12.2.0/../../../../arm-none-eabi/lib/thumb/v7e-m+fp/hard/libc_nano.a(lib_a-init.o)
 .debug_rnglists
                0x0000000000000013       0x13 /usr/lib/gcc/arm-none-eabi/12.2.0/../../../../arm-none-eabi/lib/thumb/v7e-m+fp/hard/libc_nano.a(lib_a-memset.o)
 .debug_rnglists
                0x0000000000000026       0x6d /usr/lib/gcc/arm-none-eabi/12.2.0/thumb/v7e-m+fp/hard/libgcc.a(_udivmoddi4.o)

.debug_line_str
                0x0000000000000000       0x9e
 .debug_line_str
                0x0000000000000000       0x92 /usr/lib/gcc/arm-none-eabi/12.2.0/thumb/v7e-m+fp/hard/libgcc.a(_aeabi_uldivmod.o)
 .debug_line_str
                0x0000000000000092        0xc /usr/lib/gcc/arm-none-eabi/12.2.0/thumb/v7e-m+fp/hard/libgcc.a(_dvmd_tls.o)
                                         0x96 (size before relaxing)

Cross Reference Table

Symbol                                            File
ADC_IRQHandler                                    build/startup_stm32f439xx.o
AHBPrescTable                                     build/system_stm32f4xx.o
                                                  build/stm32f4xx_hal_rcc.o
APBPrescTable                                     build/system_stm32f4xx.o
                                                  build/stm32f4xx_hal_rcc.o
BusFault_Handler                                  build/stm32f4xx_it.o
CAN1_RX0_IRQHandler                               build/startup_stm32f439xx.o
CAN1_RX1_IRQHandler                               build/startup_stm32f439xx.o
CAN1_SCE_IRQHandler                               build/startup_stm32f439xx.o
CAN1_TX_IRQHandler                                build/startup_stm32f439xx.o
CAN2_RX0_IRQHandler                               build/startup_stm32f439xx.o
CAN2_RX1_IRQHandler                               build/startup_stm32f439xx.o
CAN2_SCE_IRQHandler                               build/startup_stm32f439xx.o
CAN2_TX_IRQHandler                                build/startup_stm32f439xx.o
CRYP_IRQHandler                                   build/startup_stm32f439xx.o
DCMI_IRQHandler                                   build/startup_stm32f439xx.o
DMA1_Stream0_IRQHandler                           build/startup_stm32f439xx.o
DMA1_Stream1_IRQHandler                           build/startup_stm32f439xx.o
DMA1_Stream2_IRQHandler                           build/startup_stm32f439xx.o
DMA1_Stream3_IRQHandler                           build/startup_stm32f439xx.o
DMA1_Stream4_IRQHandler                           build/startup_stm32f439xx.o
DMA1_Stream5_IRQHandler                           build/startup_stm32f439xx.o
DMA1_Stream6_IRQHandler                           build/startup_stm32f439xx.o
DMA1_Stream7_IRQHandler                           build/startup_stm32f439xx.o
DMA2D_IRQHandler                                  build/startup_stm32f439xx.o
DMA2_Stream0_IRQHandler                           build/startup_stm32f439xx.o
DMA2_Stream1_IRQHandler                           build/startup_stm32f439xx.o
DMA2_Stream2_IRQHandler                           build/startup_stm32f439xx.o
DMA2_Stream3_IRQHandler                           build/startup_stm32f439xx.o
DMA2_Stream4_IRQHandler                           build/startup_stm32f439xx.o
DMA2_Stream5_IRQHandler                           build/startup_stm32f439xx.o
DMA2_Stream6_IRQHandler                           build/startup_stm32f439xx.o
DMA2_Stream7_IRQHandler                           build/startup_stm32f439xx.o
DMARxDscrTab                                      build/main.o
DMATxDscrTab                                      build/main.o
DebugMon_Handler                                  build/stm32f4xx_it.o
Default_Handler                                   build/startup_stm32f439xx.o
ETH_IRQHandler                                    build/startup_stm32f439xx.o
ETH_WKUP_IRQHandler                               build/startup_stm32f439xx.o
EXTI0_IRQHandler                                  build/startup_stm32f439xx.o
EXTI15_10_IRQHandler                              build/startup_stm32f439xx.o
EXTI1_IRQHandler                                  build/startup_stm32f439xx.o
EXTI2_IRQHandler                                  build/startup_stm32f439xx.o
EXTI3_IRQHandler                                  build/startup_stm32f439xx.o
EXTI4_IRQHandler                                  build/startup_stm32f439xx.o
EXTI9_5_IRQHandler                                build/startup_stm32f439xx.o
Error_Handler                                     build/main.o
FLASH_Erase_Sector                                build/stm32f4xx_hal_flash_ex.o
                                                  build/stm32f4xx_hal_flash.o
FLASH_FlushCaches                                 build/stm32f4xx_hal_flash_ex.o
                                                  build/stm32f4xx_hal_flash.o
FLASH_IRQHandler                                  build/startup_stm32f439xx.o
FLASH_WaitForLastOperation                        build/stm32f4xx_hal_flash.o
                                                  build/stm32f4xx_hal_flash_ex.o
FMC_IRQHandler                                    build/startup_stm32f439xx.o
FPU_IRQHandler                                    build/startup_stm32f439xx.o
HAL_DBGMCU_DisableDBGSleepMode                    build/stm32f4xx_hal.o
HAL_DBGMCU_DisableDBGStandbyMode                  build/stm32f4xx_hal.o
HAL_DBGMCU_DisableDBGStopMode                     build/stm32f4xx_hal.o
HAL_DBGMCU_EnableDBGSleepMode                     build/stm32f4xx_hal.o
HAL_DBGMCU_EnableDBGStandbyMode                   build/stm32f4xx_hal.o
HAL_DBGMCU_EnableDBGStopMode                      build/stm32f4xx_hal.o
HAL_DMAEx_ChangeMemory                            build/stm32f4xx_hal_dma_ex.o
HAL_DMAEx_MultiBufferStart                        build/stm32f4xx_hal_dma_ex.o
HAL_DMAEx_MultiBufferStart_IT                     build/stm32f4xx_hal_dma_ex.o
HAL_DMA_Abort                                     build/stm32f4xx_hal_dma.o
                                                  build/stm32f4xx_hal_uart.o
HAL_DMA_Abort_IT                                  build/stm32f4xx_hal_dma.o
                                                  build/stm32f4xx_hal_uart.o
HAL_DMA_DeInit                                    build/stm32f4xx_hal_dma.o
HAL_DMA_GetError                                  build/stm32f4xx_hal_dma.o
                                                  build/stm32f4xx_hal_uart.o
HAL_DMA_GetState                                  build/stm32f4xx_hal_dma.o
HAL_DMA_IRQHandler                                build/stm32f4xx_hal_dma.o
HAL_DMA_Init                                      build/stm32f4xx_hal_dma.o
HAL_DMA_PollForTransfer                           build/stm32f4xx_hal_dma.o
HAL_DMA_RegisterCallback                          build/stm32f4xx_hal_dma.o
HAL_DMA_Start                                     build/stm32f4xx_hal_dma.o
HAL_DMA_Start_IT                                  build/stm32f4xx_hal_dma.o
                                                  build/stm32f4xx_hal_uart.o
HAL_DMA_UnRegisterCallback                        build/stm32f4xx_hal_dma.o
HAL_DeInit                                        build/stm32f4xx_hal.o
HAL_Delay                                         build/stm32f4xx_hal.o
                                                  build/stm32f4xx_ll_usb.o
                                                  build/stm32f4xx_hal_eth.o
HAL_DisableCompensationCell                       build/stm32f4xx_hal.o
HAL_DisableMemorySwappingBank                     build/stm32f4xx_hal.o
HAL_ETH_DeInit                                    build/stm32f4xx_hal_eth.o
HAL_ETH_EnterPowerDownMode                        build/stm32f4xx_hal_eth.o
HAL_ETH_ErrorCallback                             build/stm32f4xx_hal_eth.o
HAL_ETH_ExitPowerDownMode                         build/stm32f4xx_hal_eth.o
HAL_ETH_GetDMAConfig                              build/stm32f4xx_hal_eth.o
HAL_ETH_GetDMAError                               build/stm32f4xx_hal_eth.o
HAL_ETH_GetError                                  build/stm32f4xx_hal_eth.o
HAL_ETH_GetMACConfig                              build/stm32f4xx_hal_eth.o
HAL_ETH_GetMACError                               build/stm32f4xx_hal_eth.o
HAL_ETH_GetMACFilterConfig                        build/stm32f4xx_hal_eth.o
HAL_ETH_GetMACWakeUpSource                        build/stm32f4xx_hal_eth.o
HAL_ETH_GetRxDataErrorCode                        build/stm32f4xx_hal_eth.o
HAL_ETH_GetState                                  build/stm32f4xx_hal_eth.o
HAL_ETH_IRQHandler                                build/stm32f4xx_hal_eth.o
HAL_ETH_Init                                      build/stm32f4xx_hal_eth.o
                                                  build/main.o
HAL_ETH_MspDeInit                                 build/stm32f4xx_hal_msp.o
HAL_ETH_MspInit                                   build/stm32f4xx_hal_msp.o
HAL_ETH_PMTCallback                               build/stm32f4xx_hal_eth.o
HAL_ETH_ReadData                                  build/stm32f4xx_hal_eth.o
HAL_ETH_ReadPHYRegister                           build/stm32f4xx_hal_eth.o
HAL_ETH_RegisterRxAllocateCallback                build/stm32f4xx_hal_eth.o
HAL_ETH_RegisterRxLinkCallback                    build/stm32f4xx_hal_eth.o
HAL_ETH_RegisterTxFreeCallback                    build/stm32f4xx_hal_eth.o
HAL_ETH_ReleaseTxPacket                           build/stm32f4xx_hal_eth.o
HAL_ETH_RxAllocateCallback                        build/stm32f4xx_hal_eth.o
HAL_ETH_RxCpltCallback                            build/stm32f4xx_hal_eth.o
HAL_ETH_RxLinkCallback                            build/stm32f4xx_hal_eth.o
HAL_ETH_SetDMAConfig                              build/stm32f4xx_hal_eth.o
HAL_ETH_SetHashTable                              build/stm32f4xx_hal_eth.o
HAL_ETH_SetMACConfig                              build/stm32f4xx_hal_eth.o
HAL_ETH_SetMACFilterConfig                        build/stm32f4xx_hal_eth.o
HAL_ETH_SetMDIOClockRange                         build/stm32f4xx_hal_eth.o
HAL_ETH_SetRxVLANIdentifier                       build/stm32f4xx_hal_eth.o
HAL_ETH_SetSourceMACAddrMatch                     build/stm32f4xx_hal_eth.o
HAL_ETH_SetWakeUpFilter                           build/stm32f4xx_hal_eth.o
HAL_ETH_Start                                     build/stm32f4xx_hal_eth.o
HAL_ETH_Start_IT                                  build/stm32f4xx_hal_eth.o
HAL_ETH_Stop                                      build/stm32f4xx_hal_eth.o
HAL_ETH_Stop_IT                                   build/stm32f4xx_hal_eth.o
HAL_ETH_Transmit                                  build/stm32f4xx_hal_eth.o
HAL_ETH_Transmit_IT                               build/stm32f4xx_hal_eth.o
HAL_ETH_TxCpltCallback                            build/stm32f4xx_hal_eth.o
HAL_ETH_TxFreeCallback                            build/stm32f4xx_hal_eth.o
HAL_ETH_UnRegisterRxAllocateCallback              build/stm32f4xx_hal_eth.o
HAL_ETH_UnRegisterRxLinkCallback                  build/stm32f4xx_hal_eth.o
HAL_ETH_UnRegisterTxFreeCallback                  build/stm32f4xx_hal_eth.o
HAL_ETH_WakeUpCallback                            build/stm32f4xx_hal_eth.o
HAL_ETH_WritePHYRegister                          build/stm32f4xx_hal_eth.o
HAL_EXTI_ClearConfigLine                          build/stm32f4xx_hal_exti.o
HAL_EXTI_ClearPending                             build/stm32f4xx_hal_exti.o
HAL_EXTI_GenerateSWI                              build/stm32f4xx_hal_exti.o
HAL_EXTI_GetConfigLine                            build/stm32f4xx_hal_exti.o
HAL_EXTI_GetHandle                                build/stm32f4xx_hal_exti.o
HAL_EXTI_GetPending                               build/stm32f4xx_hal_exti.o
HAL_EXTI_IRQHandler                               build/stm32f4xx_hal_exti.o
HAL_EXTI_RegisterCallback                         build/stm32f4xx_hal_exti.o
HAL_EXTI_SetConfigLine                            build/stm32f4xx_hal_exti.o
HAL_EnableCompensationCell                        build/stm32f4xx_hal.o
HAL_EnableMemorySwappingBank                      build/stm32f4xx_hal.o
HAL_FLASHEx_AdvOBGetConfig                        build/stm32f4xx_hal_flash_ex.o
HAL_FLASHEx_AdvOBProgram                          build/stm32f4xx_hal_flash_ex.o
HAL_FLASHEx_Erase                                 build/stm32f4xx_hal_flash_ex.o
HAL_FLASHEx_Erase_IT                              build/stm32f4xx_hal_flash_ex.o
HAL_FLASHEx_OBGetConfig                           build/stm32f4xx_hal_flash_ex.o
HAL_FLASHEx_OBProgram                             build/stm32f4xx_hal_flash_ex.o
HAL_FLASHEx_OB_DeSelectPCROP                      build/stm32f4xx_hal_flash_ex.o
HAL_FLASHEx_OB_GetBank2WRP                        build/stm32f4xx_hal_flash_ex.o
HAL_FLASHEx_OB_SelectPCROP                        build/stm32f4xx_hal_flash_ex.o
HAL_FLASH_EndOfOperationCallback                  build/stm32f4xx_hal_flash.o
HAL_FLASH_GetError                                build/stm32f4xx_hal_flash.o
HAL_FLASH_IRQHandler                              build/stm32f4xx_hal_flash.o
HAL_FLASH_Lock                                    build/stm32f4xx_hal_flash.o
HAL_FLASH_OB_Launch                               build/stm32f4xx_hal_flash.o
HAL_FLASH_OB_Lock                                 build/stm32f4xx_hal_flash.o
HAL_FLASH_OB_Unlock                               build/stm32f4xx_hal_flash.o
HAL_FLASH_OperationErrorCallback                  build/stm32f4xx_hal_flash.o
HAL_FLASH_Program                                 build/stm32f4xx_hal_flash.o
HAL_FLASH_Program_IT                              build/stm32f4xx_hal_flash.o
HAL_FLASH_Unlock                                  build/stm32f4xx_hal_flash.o
HAL_GPIO_DeInit                                   build/stm32f4xx_hal_gpio.o
                                                  build/stm32f4xx_hal_msp.o
HAL_GPIO_EXTI_Callback                            build/stm32f4xx_hal_gpio.o
HAL_GPIO_EXTI_IRQHandler                          build/stm32f4xx_hal_gpio.o
HAL_GPIO_Init                                     build/stm32f4xx_hal_gpio.o
                                                  build/stm32f4xx_hal_rcc.o
                                                  build/stm32f4xx_hal_msp.o
                                                  build/main.o
HAL_GPIO_LockPin                                  build/stm32f4xx_hal_gpio.o
HAL_GPIO_ReadPin                                  build/stm32f4xx_hal_gpio.o
HAL_GPIO_TogglePin                                build/stm32f4xx_hal_gpio.o
HAL_GPIO_WritePin                                 build/stm32f4xx_hal_gpio.o
                                                  build/main.o
HAL_GetDEVID                                      build/stm32f4xx_hal.o
HAL_GetHalVersion                                 build/stm32f4xx_hal.o
HAL_GetREVID                                      build/stm32f4xx_hal.o
HAL_GetTick                                       build/stm32f4xx_hal.o
                                                  build/stm32f4xx_hal_uart.o
                                                  build/stm32f4xx_hal_eth.o
                                                  build/stm32f4xx_hal_pwr_ex.o
                                                  build/stm32f4xx_hal_dma.o
                                                  build/stm32f4xx_hal_flash.o
                                                  build/stm32f4xx_hal_rcc_ex.o
                                                  build/stm32f4xx_hal_rcc.o
HAL_GetTickFreq                                   build/stm32f4xx_hal.o
HAL_GetTickPrio                                   build/stm32f4xx_hal.o
HAL_GetUIDw0                                      build/stm32f4xx_hal.o
HAL_GetUIDw1                                      build/stm32f4xx_hal.o
HAL_GetUIDw2                                      build/stm32f4xx_hal.o
HAL_HalfDuplex_EnableReceiver                     build/stm32f4xx_hal_uart.o
HAL_HalfDuplex_EnableTransmitter                  build/stm32f4xx_hal_uart.o
HAL_HalfDuplex_Init                               build/stm32f4xx_hal_uart.o
HAL_IncTick                                       build/stm32f4xx_hal.o
                                                  build/stm32f4xx_it.o
HAL_Init                                          build/stm32f4xx_hal.o
                                                  build/main.o
HAL_InitTick                                      build/stm32f4xx_hal.o
                                                  build/stm32f4xx_hal_rcc_ex.o
                                                  build/stm32f4xx_hal_rcc.o
HAL_LIN_Init                                      build/stm32f4xx_hal_uart.o
HAL_LIN_SendBreak                                 build/stm32f4xx_hal_uart.o
HAL_MPU_ConfigRegion                              build/stm32f4xx_hal_cortex.o
HAL_MPU_Disable                                   build/stm32f4xx_hal_cortex.o
HAL_MPU_Enable                                    build/stm32f4xx_hal_cortex.o
HAL_MspDeInit                                     build/stm32f4xx_hal.o
HAL_MspInit                                       build/stm32f4xx_hal_msp.o
HAL_MultiProcessor_EnterMuteMode                  build/stm32f4xx_hal_uart.o
HAL_MultiProcessor_ExitMuteMode                   build/stm32f4xx_hal_uart.o
HAL_MultiProcessor_Init                           build/stm32f4xx_hal_uart.o
HAL_NVIC_ClearPendingIRQ                          build/stm32f4xx_hal_cortex.o
HAL_NVIC_DisableIRQ                               build/stm32f4xx_hal_cortex.o
HAL_NVIC_EnableIRQ                                build/stm32f4xx_hal_cortex.o
HAL_NVIC_GetActive                                build/stm32f4xx_hal_cortex.o
HAL_NVIC_GetPendingIRQ                            build/stm32f4xx_hal_cortex.o
HAL_NVIC_GetPriority                              build/stm32f4xx_hal_cortex.o
HAL_NVIC_GetPriorityGrouping                      build/stm32f4xx_hal_cortex.o
HAL_NVIC_SetPendingIRQ                            build/stm32f4xx_hal_cortex.o
HAL_NVIC_SetPriority                              build/stm32f4xx_hal_cortex.o
                                                  build/stm32f4xx_hal.o
HAL_NVIC_SetPriorityGrouping                      build/stm32f4xx_hal_cortex.o
                                                  build/stm32f4xx_hal.o
HAL_NVIC_SystemReset                              build/stm32f4xx_hal_cortex.o
HAL_PCDEx_BCD_Callback                            build/stm32f4xx_hal_pcd_ex.o
HAL_PCDEx_LPM_Callback                            build/stm32f4xx_hal_pcd_ex.o
                                                  build/stm32f4xx_hal_pcd.o
HAL_PCDEx_SetRxFiFo                               build/stm32f4xx_hal_pcd_ex.o
HAL_PCDEx_SetTxFiFo                               build/stm32f4xx_hal_pcd_ex.o
HAL_PCD_ActivateRemoteWakeup                      build/stm32f4xx_hal_pcd.o
HAL_PCD_ConnectCallback                           build/stm32f4xx_hal_pcd.o
HAL_PCD_DataInStageCallback                       build/stm32f4xx_hal_pcd.o
HAL_PCD_DataOutStageCallback                      build/stm32f4xx_hal_pcd.o
HAL_PCD_DeActivateRemoteWakeup                    build/stm32f4xx_hal_pcd.o
HAL_PCD_DeInit                                    build/stm32f4xx_hal_pcd.o
HAL_PCD_DevConnect                                build/stm32f4xx_hal_pcd.o
HAL_PCD_DevDisconnect                             build/stm32f4xx_hal_pcd.o
HAL_PCD_DisconnectCallback                        build/stm32f4xx_hal_pcd.o
HAL_PCD_EP_Abort                                  build/stm32f4xx_hal_pcd.o
HAL_PCD_EP_Close                                  build/stm32f4xx_hal_pcd.o
HAL_PCD_EP_ClrStall                               build/stm32f4xx_hal_pcd.o
HAL_PCD_EP_Flush                                  build/stm32f4xx_hal_pcd.o
HAL_PCD_EP_GetRxCount                             build/stm32f4xx_hal_pcd.o
HAL_PCD_EP_Open                                   build/stm32f4xx_hal_pcd.o
HAL_PCD_EP_Receive                                build/stm32f4xx_hal_pcd.o
HAL_PCD_EP_SetStall                               build/stm32f4xx_hal_pcd.o
HAL_PCD_EP_Transmit                               build/stm32f4xx_hal_pcd.o
HAL_PCD_GetState                                  build/stm32f4xx_hal_pcd.o
HAL_PCD_IRQHandler                                build/stm32f4xx_hal_pcd.o
HAL_PCD_ISOINIncompleteCallback                   build/stm32f4xx_hal_pcd.o
HAL_PCD_ISOOUTIncompleteCallback                  build/stm32f4xx_hal_pcd.o
HAL_PCD_Init                                      build/stm32f4xx_hal_pcd.o
                                                  build/main.o
HAL_PCD_MspDeInit                                 build/stm32f4xx_hal_msp.o
HAL_PCD_MspInit                                   build/stm32f4xx_hal_msp.o
HAL_PCD_ResetCallback                             build/stm32f4xx_hal_pcd.o
HAL_PCD_ResumeCallback                            build/stm32f4xx_hal_pcd.o
HAL_PCD_SOFCallback                               build/stm32f4xx_hal_pcd.o
HAL_PCD_SetAddress                                build/stm32f4xx_hal_pcd.o
HAL_PCD_SetTestMode                               build/stm32f4xx_hal_pcd.o
HAL_PCD_SetupStageCallback                        build/stm32f4xx_hal_pcd.o
HAL_PCD_Start                                     build/stm32f4xx_hal_pcd.o
HAL_PCD_Stop                                      build/stm32f4xx_hal_pcd.o
HAL_PCD_SuspendCallback                           build/stm32f4xx_hal_pcd.o
HAL_PCD_WKUP_IRQHandler                           build/stm32f4xx_hal_pcd.o
HAL_PWREx_ControlVoltageScaling                   build/stm32f4xx_hal_pwr_ex.o
HAL_PWREx_DisableBkUpReg                          build/stm32f4xx_hal_pwr_ex.o
HAL_PWREx_DisableFlashPowerDown                   build/stm32f4xx_hal_pwr_ex.o
HAL_PWREx_DisableOverDrive                        build/stm32f4xx_hal_pwr_ex.o
HAL_PWREx_EnableBkUpReg                           build/stm32f4xx_hal_pwr_ex.o
HAL_PWREx_EnableFlashPowerDown                    build/stm32f4xx_hal_pwr_ex.o
HAL_PWREx_EnableOverDrive                         build/stm32f4xx_hal_pwr_ex.o
HAL_PWREx_EnterUnderDriveSTOPMode                 build/stm32f4xx_hal_pwr_ex.o
HAL_PWREx_GetVoltageRange                         build/stm32f4xx_hal_pwr_ex.o
HAL_PWR_ConfigPVD                                 build/stm32f4xx_hal_pwr.o
HAL_PWR_DeInit                                    build/stm32f4xx_hal_pwr.o
HAL_PWR_DisableBkUpAccess                         build/stm32f4xx_hal_pwr.o
HAL_PWR_DisablePVD                                build/stm32f4xx_hal_pwr.o
HAL_PWR_DisableSEVOnPend                          build/stm32f4xx_hal_pwr.o
HAL_PWR_DisableSleepOnExit                        build/stm32f4xx_hal_pwr.o
HAL_PWR_DisableWakeUpPin                          build/stm32f4xx_hal_pwr.o
HAL_PWR_EnableBkUpAccess                          build/stm32f4xx_hal_pwr.o
HAL_PWR_EnablePVD                                 build/stm32f4xx_hal_pwr.o
HAL_PWR_EnableSEVOnPend                           build/stm32f4xx_hal_pwr.o
HAL_PWR_EnableSleepOnExit                         build/stm32f4xx_hal_pwr.o
HAL_PWR_EnableWakeUpPin                           build/stm32f4xx_hal_pwr.o
HAL_PWR_EnterSLEEPMode                            build/stm32f4xx_hal_pwr.o
HAL_PWR_EnterSTANDBYMode                          build/stm32f4xx_hal_pwr.o
HAL_PWR_EnterSTOPMode                             build/stm32f4xx_hal_pwr.o
HAL_PWR_PVDCallback                               build/stm32f4xx_hal_pwr.o
HAL_PWR_PVD_IRQHandler                            build/stm32f4xx_hal_pwr.o
HAL_RCCEx_DisablePLLI2S                           build/stm32f4xx_hal_rcc_ex.o
HAL_RCCEx_DisablePLLSAI                           build/stm32f4xx_hal_rcc_ex.o
HAL_RCCEx_EnablePLLI2S                            build/stm32f4xx_hal_rcc_ex.o
HAL_RCCEx_EnablePLLSAI                            build/stm32f4xx_hal_rcc_ex.o
HAL_RCCEx_GetPeriphCLKConfig                      build/stm32f4xx_hal_rcc_ex.o
HAL_RCCEx_GetPeriphCLKFreq                        build/stm32f4xx_hal_rcc_ex.o
HAL_RCCEx_PeriphCLKConfig                         build/stm32f4xx_hal_rcc_ex.o
HAL_RCC_CSSCallback                               build/stm32f4xx_hal_rcc.o
HAL_RCC_ClockConfig                               build/stm32f4xx_hal_rcc.o
                                                  build/main.o
HAL_RCC_DeInit                                    build/stm32f4xx_hal_rcc_ex.o
                                                  build/stm32f4xx_hal_rcc.o
HAL_RCC_DisableCSS                                build/stm32f4xx_hal_rcc.o
HAL_RCC_EnableCSS                                 build/stm32f4xx_hal_rcc.o
HAL_RCC_GetClockConfig                            build/stm32f4xx_hal_rcc.o
HAL_RCC_GetHCLKFreq                               build/stm32f4xx_hal_rcc.o
                                                  build/stm32f4xx_hal_pcd.o
                                                  build/stm32f4xx_hal_eth.o
HAL_RCC_GetOscConfig                              build/stm32f4xx_hal_rcc.o
HAL_RCC_GetPCLK1Freq                              build/stm32f4xx_hal_rcc.o
                                                  build/stm32f4xx_hal_uart.o
HAL_RCC_GetPCLK2Freq                              build/stm32f4xx_hal_rcc.o
                                                  build/stm32f4xx_hal_uart.o
HAL_RCC_GetSysClockFreq                           build/stm32f4xx_hal_rcc.o
HAL_RCC_MCOConfig                                 build/stm32f4xx_hal_rcc.o
HAL_RCC_NMI_IRQHandler                            build/stm32f4xx_hal_rcc.o
HAL_RCC_OscConfig                                 build/stm32f4xx_hal_rcc.o
                                                  build/main.o
HAL_ResumeTick                                    build/stm32f4xx_hal.o
HAL_SYSTICK_CLKSourceConfig                       build/stm32f4xx_hal_cortex.o
HAL_SYSTICK_Callback                              build/stm32f4xx_hal_cortex.o
HAL_SYSTICK_Config                                build/stm32f4xx_hal_cortex.o
                                                  build/stm32f4xx_hal.o
HAL_SYSTICK_IRQHandler                            build/stm32f4xx_hal_cortex.o
HAL_SetTickFreq                                   build/stm32f4xx_hal.o
HAL_SuspendTick                                   build/stm32f4xx_hal.o
HAL_UARTEx_ReceiveToIdle                          build/stm32f4xx_hal_uart.o
HAL_UARTEx_ReceiveToIdle_DMA                      build/stm32f4xx_hal_uart.o
HAL_UARTEx_ReceiveToIdle_IT                       build/stm32f4xx_hal_uart.o
HAL_UARTEx_RxEventCallback                        build/stm32f4xx_hal_uart.o
HAL_UART_Abort                                    build/stm32f4xx_hal_uart.o
HAL_UART_AbortCpltCallback                        build/stm32f4xx_hal_uart.o
HAL_UART_AbortReceive                             build/stm32f4xx_hal_uart.o
HAL_UART_AbortReceiveCpltCallback                 build/stm32f4xx_hal_uart.o
HAL_UART_AbortReceive_IT                          build/stm32f4xx_hal_uart.o
HAL_UART_AbortTransmit                            build/stm32f4xx_hal_uart.o
HAL_UART_AbortTransmitCpltCallback                build/stm32f4xx_hal_uart.o
HAL_UART_AbortTransmit_IT                         build/stm32f4xx_hal_uart.o
HAL_UART_Abort_IT                                 build/stm32f4xx_hal_uart.o
HAL_UART_DMAPause                                 build/stm32f4xx_hal_uart.o
HAL_UART_DMAResume                                build/stm32f4xx_hal_uart.o
HAL_UART_DMAStop                                  build/stm32f4xx_hal_uart.o
HAL_UART_DeInit                                   build/stm32f4xx_hal_uart.o
HAL_UART_ErrorCallback                            build/stm32f4xx_hal_uart.o
HAL_UART_GetError                                 build/stm32f4xx_hal_uart.o
HAL_UART_GetState                                 build/stm32f4xx_hal_uart.o
HAL_UART_IRQHandler                               build/stm32f4xx_hal_uart.o
HAL_UART_Init                                     build/stm32f4xx_hal_uart.o
                                                  build/main.o
HAL_UART_MspDeInit                                build/stm32f4xx_hal_msp.o
HAL_UART_MspInit                                  build/stm32f4xx_hal_msp.o
HAL_UART_Receive                                  build/stm32f4xx_hal_uart.o
HAL_UART_Receive_DMA                              build/stm32f4xx_hal_uart.o
HAL_UART_Receive_IT                               build/stm32f4xx_hal_uart.o
HAL_UART_RxCpltCallback                           build/stm32f4xx_hal_uart.o
HAL_UART_RxHalfCpltCallback                       build/stm32f4xx_hal_uart.o
HAL_UART_Transmit                                 build/stm32f4xx_hal_uart.o
HAL_UART_Transmit_DMA                             build/stm32f4xx_hal_uart.o
HAL_UART_Transmit_IT                              build/stm32f4xx_hal_uart.o
HAL_UART_TxCpltCallback                           build/stm32f4xx_hal_uart.o
HAL_UART_TxHalfCpltCallback                       build/stm32f4xx_hal_uart.o
HASH_RNG_IRQHandler                               build/startup_stm32f439xx.o
HardFault_Handler                                 build/stm32f4xx_it.o
I2C1_ER_IRQHandler                                build/startup_stm32f439xx.o
I2C1_EV_IRQHandler                                build/startup_stm32f439xx.o
I2C2_ER_IRQHandler                                build/startup_stm32f439xx.o
I2C2_EV_IRQHandler                                build/startup_stm32f439xx.o
I2C3_ER_IRQHandler                                build/startup_stm32f439xx.o
I2C3_EV_IRQHandler                                build/startup_stm32f439xx.o
LTDC_ER_IRQHandler                                build/startup_stm32f439xx.o
LTDC_IRQHandler                                   build/startup_stm32f439xx.o
MemManage_Handler                                 build/stm32f4xx_it.o
NMI_Handler                                       build/stm32f4xx_it.o
OTG_FS_IRQHandler                                 build/startup_stm32f439xx.o
OTG_FS_WKUP_IRQHandler                            build/startup_stm32f439xx.o
OTG_HS_EP1_IN_IRQHandler                          build/startup_stm32f439xx.o
OTG_HS_EP1_OUT_IRQHandler                         build/startup_stm32f439xx.o
OTG_HS_IRQHandler                                 build/startup_stm32f439xx.o
OTG_HS_WKUP_IRQHandler                            build/startup_stm32f439xx.o
PVD_IRQHandler                                    build/startup_stm32f439xx.o
PendSV_Handler                                    build/stm32f4xx_it.o
RCC_IRQHandler                                    build/startup_stm32f439xx.o
RTC_Alarm_IRQHandler                              build/startup_stm32f439xx.o
RTC_WKUP_IRQHandler                               build/startup_stm32f439xx.o
Reset_Handler                                     build/startup_stm32f439xx.o
SAI1_IRQHandler                                   build/startup_stm32f439xx.o
SDIO_IRQHandler                                   build/startup_stm32f439xx.o
SPI1_IRQHandler                                   build/startup_stm32f439xx.o
SPI2_IRQHandler                                   build/startup_stm32f439xx.o
SPI3_IRQHandler                                   build/startup_stm32f439xx.o
SPI4_IRQHandler                                   build/startup_stm32f439xx.o
SPI5_IRQHandler                                   build/startup_stm32f439xx.o
SPI6_IRQHandler                                   build/startup_stm32f439xx.o
SVC_Handler                                       build/stm32f4xx_it.o
SysTick_Handler                                   build/stm32f4xx_it.o
SystemClock_Config                                build/main.o
SystemCoreClock                                   build/system_stm32f4xx.o
                                                  build/stm32f4xx_hal.o
                                                  build/stm32f4xx_hal_dma.o
                                                  build/stm32f4xx_hal_rcc_ex.o
                                                  build/stm32f4xx_hal_rcc.o
SystemCoreClockUpdate                             build/system_stm32f4xx.o
SystemInit                                        build/system_stm32f4xx.o
                                                  build/startup_stm32f439xx.o
TAMP_STAMP_IRQHandler                             build/startup_stm32f439xx.o
TIM1_BRK_TIM9_IRQHandler                          build/startup_stm32f439xx.o
TIM1_CC_IRQHandler                                build/startup_stm32f439xx.o
TIM1_TRG_COM_TIM11_IRQHandler                     build/startup_stm32f439xx.o
TIM1_UP_TIM10_IRQHandler                          build/startup_stm32f439xx.o
TIM2_IRQHandler                                   build/startup_stm32f439xx.o
TIM3_IRQHandler                                   build/startup_stm32f439xx.o
TIM4_IRQHandler                                   build/startup_stm32f439xx.o
TIM5_IRQHandler                                   build/startup_stm32f439xx.o
TIM6_DAC_IRQHandler                               build/startup_stm32f439xx.o
TIM7_IRQHandler                                   build/startup_stm32f439xx.o
TIM8_BRK_TIM12_IRQHandler                         build/startup_stm32f439xx.o
TIM8_CC_IRQHandler                                build/startup_stm32f439xx.o
TIM8_TRG_COM_TIM14_IRQHandler                     build/startup_stm32f439xx.o
TIM8_UP_TIM13_IRQHandler                          build/startup_stm32f439xx.o
TxConfig                                          build/main.o
UART4_IRQHandler                                  build/startup_stm32f439xx.o
UART5_IRQHandler                                  build/startup_stm32f439xx.o
UART7_IRQHandler                                  build/startup_stm32f439xx.o
UART8_IRQHandler                                  build/startup_stm32f439xx.o
UART_Start_Receive_DMA                            build/stm32f4xx_hal_uart.o
UART_Start_Receive_IT                             build/stm32f4xx_hal_uart.o
USART1_IRQHandler                                 build/startup_stm32f439xx.o
USART2_IRQHandler                                 build/startup_stm32f439xx.o
USART3_IRQHandler                                 build/startup_stm32f439xx.o
USART6_IRQHandler                                 build/startup_stm32f439xx.o
USB_ActivateDedicatedEndpoint                     build/stm32f4xx_ll_usb.o
USB_ActivateEndpoint                              build/stm32f4xx_ll_usb.o
                                                  build/stm32f4xx_hal_pcd.o
USB_ActivateRemoteWakeup                          build/stm32f4xx_ll_usb.o
                                                  build/stm32f4xx_hal_pcd.o
USB_ActivateSetup                                 build/stm32f4xx_ll_usb.o
                                                  build/stm32f4xx_hal_pcd.o
USB_ClearInterrupts                               build/stm32f4xx_ll_usb.o
USB_CoreInit                                      build/stm32f4xx_ll_usb.o
                                                  build/stm32f4xx_hal_pcd.o
USB_DeActivateRemoteWakeup                        build/stm32f4xx_ll_usb.o
                                                  build/stm32f4xx_hal_pcd.o
USB_DeactivateDedicatedEndpoint                   build/stm32f4xx_ll_usb.o
USB_DeactivateEndpoint                            build/stm32f4xx_ll_usb.o
                                                  build/stm32f4xx_hal_pcd.o
USB_DevConnect                                    build/stm32f4xx_ll_usb.o
                                                  build/stm32f4xx_hal_pcd.o
USB_DevDisconnect                                 build/stm32f4xx_ll_usb.o
                                                  build/stm32f4xx_hal_pcd.o
USB_DevInit                                       build/stm32f4xx_ll_usb.o
                                                  build/stm32f4xx_hal_pcd.o
USB_DisableGlobalInt                              build/stm32f4xx_ll_usb.o
                                                  build/stm32f4xx_hal_pcd.o
USB_DoPing                                        build/stm32f4xx_ll_usb.o
USB_DriveVbus                                     build/stm32f4xx_ll_usb.o
USB_EP0StartXfer                                  build/stm32f4xx_ll_usb.o
                                                  build/stm32f4xx_hal_pcd.o
USB_EP0_OutStart                                  build/stm32f4xx_ll_usb.o
                                                  build/stm32f4xx_hal_pcd.o
USB_EPClearStall                                  build/stm32f4xx_ll_usb.o
                                                  build/stm32f4xx_hal_pcd.o
USB_EPSetStall                                    build/stm32f4xx_ll_usb.o
                                                  build/stm32f4xx_hal_pcd.o
USB_EPStartXfer                                   build/stm32f4xx_ll_usb.o
                                                  build/stm32f4xx_hal_pcd.o
USB_EPStopXfer                                    build/stm32f4xx_ll_usb.o
                                                  build/stm32f4xx_hal_pcd.o
USB_EnableGlobalInt                               build/stm32f4xx_ll_usb.o
                                                  build/stm32f4xx_hal_pcd.o
USB_FlushRxFifo                                   build/stm32f4xx_ll_usb.o
                                                  build/stm32f4xx_hal_pcd.o
USB_FlushTxFifo                                   build/stm32f4xx_ll_usb.o
                                                  build/stm32f4xx_hal_pcd.o
USB_GetCurrentFrame                               build/stm32f4xx_ll_usb.o
USB_GetDevSpeed                                   build/stm32f4xx_ll_usb.o
                                                  build/stm32f4xx_hal_pcd.o
USB_GetHostSpeed                                  build/stm32f4xx_ll_usb.o
USB_GetMode                                       build/stm32f4xx_ll_usb.o
                                                  build/stm32f4xx_hal_pcd.o
USB_HC_Halt                                       build/stm32f4xx_ll_usb.o
USB_HC_Init                                       build/stm32f4xx_ll_usb.o
USB_HC_ReadInterrupt                              build/stm32f4xx_ll_usb.o
USB_HC_StartXfer                                  build/stm32f4xx_ll_usb.o
USB_HostInit                                      build/stm32f4xx_ll_usb.o
USB_InitFSLSPClkSel                               build/stm32f4xx_ll_usb.o
USB_ReadDevAllInEpInterrupt                       build/stm32f4xx_ll_usb.o
                                                  build/stm32f4xx_hal_pcd.o
USB_ReadDevAllOutEpInterrupt                      build/stm32f4xx_ll_usb.o
                                                  build/stm32f4xx_hal_pcd.o
USB_ReadDevInEPInterrupt                          build/stm32f4xx_ll_usb.o
                                                  build/stm32f4xx_hal_pcd.o
USB_ReadDevOutEPInterrupt                         build/stm32f4xx_ll_usb.o
                                                  build/stm32f4xx_hal_pcd.o
USB_ReadInterrupts                                build/stm32f4xx_ll_usb.o
                                                  build/stm32f4xx_hal_pcd.o
USB_ReadPacket                                    build/stm32f4xx_ll_usb.o
                                                  build/stm32f4xx_hal_pcd.o
USB_ResetPort                                     build/stm32f4xx_ll_usb.o
USB_SetCurrentMode                                build/stm32f4xx_ll_usb.o
                                                  build/stm32f4xx_hal_pcd.o
USB_SetDevAddress                                 build/stm32f4xx_ll_usb.o
                                                  build/stm32f4xx_hal_pcd.o
USB_SetDevSpeed                                   build/stm32f4xx_ll_usb.o
USB_SetTurnaroundTime                             build/stm32f4xx_ll_usb.o
                                                  build/stm32f4xx_hal_pcd.o
USB_StopDevice                                    build/stm32f4xx_ll_usb.o
                                                  build/stm32f4xx_hal_pcd.o
USB_StopHost                                      build/stm32f4xx_ll_usb.o
USB_WritePacket                                   build/stm32f4xx_ll_usb.o
                                                  build/stm32f4xx_hal_pcd.o
UsageFault_Handler                                build/stm32f4xx_it.o
WWDG_IRQHandler                                   build/startup_stm32f439xx.o
__aeabi_idiv0                                     /usr/lib/gcc/arm-none-eabi/12.2.0/thumb/v7e-m+fp/hard/libgcc.a(_dvmd_tls.o)
__aeabi_ldiv0                                     /usr/lib/gcc/arm-none-eabi/12.2.0/thumb/v7e-m+fp/hard/libgcc.a(_dvmd_tls.o)
                                                  /usr/lib/gcc/arm-none-eabi/12.2.0/thumb/v7e-m+fp/hard/libgcc.a(_aeabi_uldivmod.o)
__aeabi_uldivmod                                  /usr/lib/gcc/arm-none-eabi/12.2.0/thumb/v7e-m+fp/hard/libgcc.a(_aeabi_uldivmod.o)
                                                  build/stm32f4xx_hal_uart.o
                                                  build/stm32f4xx_hal_rcc.o
__atexit_dummy                                    /usr/lib/gcc/arm-none-eabi/12.2.0/../../../../arm-none-eabi/lib/thumb/v7e-m+fp/hard/libc_nano.a(lib_a-__atexit.o)
__atexit_recursive_mutex                          /usr/lib/gcc/arm-none-eabi/12.2.0/../../../../arm-none-eabi/lib/thumb/v7e-m+fp/hard/libc_nano.a(lib_a-__call_atexit.o)
                                                  /usr/lib/gcc/arm-none-eabi/12.2.0/../../../../arm-none-eabi/lib/thumb/v7e-m+fp/hard/libc_nano.a(lib_a-__atexit.o)
__bss_end__                                       /usr/lib/gcc/arm-none-eabi/12.2.0/../../../../arm-none-eabi/lib/thumb/v7e-m+fp/hard/crt0.o
__bss_start__                                     /usr/lib/gcc/arm-none-eabi/12.2.0/../../../../arm-none-eabi/lib/thumb/v7e-m+fp/hard/crt0.o
__call_exitprocs                                  /usr/lib/gcc/arm-none-eabi/12.2.0/../../../../arm-none-eabi/lib/thumb/v7e-m+fp/hard/libc_nano.a(lib_a-__call_atexit.o)
                                                  /usr/lib/gcc/arm-none-eabi/12.2.0/../../../../arm-none-eabi/lib/thumb/v7e-m+fp/hard/libc_nano.a(lib_a-__atexit.o)
                                                  /usr/lib/gcc/arm-none-eabi/12.2.0/../../../../arm-none-eabi/lib/thumb/v7e-m+fp/hard/libc_nano.a(lib_a-exit.o)
__deregister_frame_info                           /usr/lib/gcc/arm-none-eabi/12.2.0/thumb/v7e-m+fp/hard/crtbegin.o
__dso_handle                                      /usr/lib/gcc/arm-none-eabi/12.2.0/thumb/v7e-m+fp/hard/crtbegin.o
__fini_array_end                                  /usr/lib/gcc/arm-none-eabi/12.2.0/../../../../arm-none-eabi/lib/thumb/v7e-m+fp/hard/libc_nano.a(lib_a-fini.o)
__fini_array_start                                /usr/lib/gcc/arm-none-eabi/12.2.0/../../../../arm-none-eabi/lib/thumb/v7e-m+fp/hard/libc_nano.a(lib_a-fini.o)
__init_array_end                                  /usr/lib/gcc/arm-none-eabi/12.2.0/../../../../arm-none-eabi/lib/thumb/v7e-m+fp/hard/libc_nano.a(lib_a-init.o)
__init_array_start                                /usr/lib/gcc/arm-none-eabi/12.2.0/../../../../arm-none-eabi/lib/thumb/v7e-m+fp/hard/libc_nano.a(lib_a-init.o)
__libc_fini_array                                 /usr/lib/gcc/arm-none-eabi/12.2.0/../../../../arm-none-eabi/lib/thumb/v7e-m+fp/hard/libc_nano.a(lib_a-fini.o)
                                                  /usr/lib/gcc/arm-none-eabi/12.2.0/../../../../arm-none-eabi/lib/thumb/v7e-m+fp/hard/crt0.o
__libc_init_array                                 /usr/lib/gcc/arm-none-eabi/12.2.0/../../../../arm-none-eabi/lib/thumb/v7e-m+fp/hard/libc_nano.a(lib_a-init.o)
                                                  build/startup_stm32f439xx.o
                                                  /usr/lib/gcc/arm-none-eabi/12.2.0/../../../../arm-none-eabi/lib/thumb/v7e-m+fp/hard/crt0.o
__lock___arc4random_mutex                         /usr/lib/gcc/arm-none-eabi/12.2.0/../../../../arm-none-eabi/lib/thumb/v7e-m+fp/hard/libc_nano.a(lib_a-lock.o)
__lock___at_quick_exit_mutex                      /usr/lib/gcc/arm-none-eabi/12.2.0/../../../../arm-none-eabi/lib/thumb/v7e-m+fp/hard/libc_nano.a(lib_a-lock.o)
__lock___atexit_recursive_mutex                   /usr/lib/gcc/arm-none-eabi/12.2.0/../../../../arm-none-eabi/lib/thumb/v7e-m+fp/hard/libc_nano.a(lib_a-lock.o)
                                                  /usr/lib/gcc/arm-none-eabi/12.2.0/../../../../arm-none-eabi/lib/thumb/v7e-m+fp/hard/libc_nano.a(lib_a-__call_atexit.o)
__lock___dd_hash_mutex                            /usr/lib/gcc/arm-none-eabi/12.2.0/../../../../arm-none-eabi/lib/thumb/v7e-m+fp/hard/libc_nano.a(lib_a-lock.o)
__lock___env_recursive_mutex                      /usr/lib/gcc/arm-none-eabi/12.2.0/../../../../arm-none-eabi/lib/thumb/v7e-m+fp/hard/libc_nano.a(lib_a-lock.o)
__lock___malloc_recursive_mutex                   /usr/lib/gcc/arm-none-eabi/12.2.0/../../../../arm-none-eabi/lib/thumb/v7e-m+fp/hard/libc_nano.a(lib_a-lock.o)
__lock___sfp_recursive_mutex                      /usr/lib/gcc/arm-none-eabi/12.2.0/../../../../arm-none-eabi/lib/thumb/v7e-m+fp/hard/libc_nano.a(lib_a-lock.o)
__lock___sinit_recursive_mutex                    /usr/lib/gcc/arm-none-eabi/12.2.0/../../../../arm-none-eabi/lib/thumb/v7e-m+fp/hard/libc_nano.a(lib_a-lock.o)
__lock___tz_mutex                                 /usr/lib/gcc/arm-none-eabi/12.2.0/../../../../arm-none-eabi/lib/thumb/v7e-m+fp/hard/libc_nano.a(lib_a-lock.o)
__on_exit_args                                    /usr/lib/gcc/arm-none-eabi/12.2.0/../../../../arm-none-eabi/lib/thumb/v7e-m+fp/hard/libc_nano.a(lib_a-__atexit.o)
__preinit_array_end                               /usr/lib/gcc/arm-none-eabi/12.2.0/../../../../arm-none-eabi/lib/thumb/v7e-m+fp/hard/libc_nano.a(lib_a-init.o)
__preinit_array_start                             /usr/lib/gcc/arm-none-eabi/12.2.0/../../../../arm-none-eabi/lib/thumb/v7e-m+fp/hard/libc_nano.a(lib_a-init.o)
__register_exitproc                               /usr/lib/gcc/arm-none-eabi/12.2.0/../../../../arm-none-eabi/lib/thumb/v7e-m+fp/hard/libc_nano.a(lib_a-__atexit.o)
                                                  /usr/lib/gcc/arm-none-eabi/12.2.0/../../../../arm-none-eabi/lib/thumb/v7e-m+fp/hard/libc_nano.a(lib_a-atexit.o)
__register_frame_info                             /usr/lib/gcc/arm-none-eabi/12.2.0/thumb/v7e-m+fp/hard/crtbegin.o
__retarget_lock_acquire                           /usr/lib/gcc/arm-none-eabi/12.2.0/../../../../arm-none-eabi/lib/thumb/v7e-m+fp/hard/libc_nano.a(lib_a-lock.o)
__retarget_lock_acquire_recursive                 /usr/lib/gcc/arm-none-eabi/12.2.0/../../../../arm-none-eabi/lib/thumb/v7e-m+fp/hard/libc_nano.a(lib_a-lock.o)
                                                  /usr/lib/gcc/arm-none-eabi/12.2.0/../../../../arm-none-eabi/lib/thumb/v7e-m+fp/hard/libc_nano.a(lib_a-__call_atexit.o)
                                                  /usr/lib/gcc/arm-none-eabi/12.2.0/../../../../arm-none-eabi/lib/thumb/v7e-m+fp/hard/libc_nano.a(lib_a-__atexit.o)
__retarget_lock_close                             /usr/lib/gcc/arm-none-eabi/12.2.0/../../../../arm-none-eabi/lib/thumb/v7e-m+fp/hard/libc_nano.a(lib_a-lock.o)
__retarget_lock_close_recursive                   /usr/lib/gcc/arm-none-eabi/12.2.0/../../../../arm-none-eabi/lib/thumb/v7e-m+fp/hard/libc_nano.a(lib_a-lock.o)
__retarget_lock_init                              /usr/lib/gcc/arm-none-eabi/12.2.0/../../../../arm-none-eabi/lib/thumb/v7e-m+fp/hard/libc_nano.a(lib_a-lock.o)
__retarget_lock_init_recursive                    /usr/lib/gcc/arm-none-eabi/12.2.0/../../../../arm-none-eabi/lib/thumb/v7e-m+fp/hard/libc_nano.a(lib_a-lock.o)
__retarget_lock_release                           /usr/lib/gcc/arm-none-eabi/12.2.0/../../../../arm-none-eabi/lib/thumb/v7e-m+fp/hard/libc_nano.a(lib_a-lock.o)
                                                  /usr/lib/gcc/arm-none-eabi/12.2.0/../../../../arm-none-eabi/lib/thumb/v7e-m+fp/hard/libc_nano.a(lib_a-__atexit.o)
__retarget_lock_release_recursive                 /usr/lib/gcc/arm-none-eabi/12.2.0/../../../../arm-none-eabi/lib/thumb/v7e-m+fp/hard/libc_nano.a(lib_a-lock.o)
                                                  /usr/lib/gcc/arm-none-eabi/12.2.0/../../../../arm-none-eabi/lib/thumb/v7e-m+fp/hard/libc_nano.a(lib_a-__call_atexit.o)
                                                  /usr/lib/gcc/arm-none-eabi/12.2.0/../../../../arm-none-eabi/lib/thumb/v7e-m+fp/hard/libc_nano.a(lib_a-__atexit.o)
__retarget_lock_try_acquire                       /usr/lib/gcc/arm-none-eabi/12.2.0/../../../../arm-none-eabi/lib/thumb/v7e-m+fp/hard/libc_nano.a(lib_a-lock.o)
__retarget_lock_try_acquire_recursive             /usr/lib/gcc/arm-none-eabi/12.2.0/../../../../arm-none-eabi/lib/thumb/v7e-m+fp/hard/libc_nano.a(lib_a-lock.o)
__sf_fake_stderr                                  /usr/lib/gcc/arm-none-eabi/12.2.0/../../../../arm-none-eabi/lib/thumb/v7e-m+fp/hard/libc_nano.a(lib_a-impure.o)
__sf_fake_stdin                                   /usr/lib/gcc/arm-none-eabi/12.2.0/../../../../arm-none-eabi/lib/thumb/v7e-m+fp/hard/libc_nano.a(lib_a-impure.o)
__sf_fake_stdout                                  /usr/lib/gcc/arm-none-eabi/12.2.0/../../../../arm-none-eabi/lib/thumb/v7e-m+fp/hard/libc_nano.a(lib_a-impure.o)
__stack                                           /usr/lib/gcc/arm-none-eabi/12.2.0/../../../../arm-none-eabi/lib/thumb/v7e-m+fp/hard/crt0.o
__udivmoddi4                                      /usr/lib/gcc/arm-none-eabi/12.2.0/thumb/v7e-m+fp/hard/libgcc.a(_udivmoddi4.o)
                                                  /usr/lib/gcc/arm-none-eabi/12.2.0/thumb/v7e-m+fp/hard/libgcc.a(_aeabi_uldivmod.o)
_ebss                                             build/startup_stm32f439xx.o
_edata                                            build/startup_stm32f439xx.o